Component: ARM Compiler 5.06 update 2 (build 183) Tool: armlink [4d35b7]

==============================================================================

Section Cross References

    stm32f3xx_hal_pwr_ex.o(i.HAL_PWR_PVD_IRQHandler) refers to stm32f3xx_hal_pwr_ex.o(i.HAL_PWR_PVDCallback) for HAL_PWR_PVDCallback
    stm32f3xx_hal_cortex.o(i.HAL_NVIC_SetPriority) refers to stm32f3xx_hal_cortex.o(i.NVIC_SetPriority) for NVIC_SetPriority
    stm32f3xx_hal_cortex.o(i.HAL_SYSTICK_Config) refers to stm32f3xx_hal_cortex.o(i.NVIC_SetPriority) for NVIC_SetPriority
    stm32f3xx_hal_cortex.o(i.HAL_SYSTICK_IRQHandler) refers to stm32f3xx_hal_cortex.o(i.HAL_SYSTICK_Callback) for HAL_SYSTICK_Callback
    stm32f3xx_hal_uart.o(i.HAL_HalfDuplex_Init) refers to stm32f3xx_hal_msp.o(i.HAL_UART_MspInit) for HAL_UART_MspInit
    stm32f3xx_hal_uart.o(i.HAL_HalfDuplex_Init) refers to stm32f3xx_hal_uart.o(i.UART_SetConfig) for UART_SetConfig
    stm32f3xx_hal_uart.o(i.HAL_HalfDuplex_Init) refers to stm32f3xx_hal_uart.o(i.UART_AdvFeatureConfig) for UART_AdvFeatureConfig
    stm32f3xx_hal_uart.o(i.HAL_HalfDuplex_Init) refers to stm32f3xx_hal_uart.o(i.UART_CheckIdleState) for UART_CheckIdleState
    stm32f3xx_hal_uart.o(i.HAL_LIN_Init) refers to stm32f3xx_hal_msp.o(i.HAL_UART_MspInit) for HAL_UART_MspInit
    stm32f3xx_hal_uart.o(i.HAL_LIN_Init) refers to stm32f3xx_hal_uart.o(i.UART_SetConfig) for UART_SetConfig
    stm32f3xx_hal_uart.o(i.HAL_LIN_Init) refers to stm32f3xx_hal_uart.o(i.UART_AdvFeatureConfig) for UART_AdvFeatureConfig
    stm32f3xx_hal_uart.o(i.HAL_LIN_Init) refers to stm32f3xx_hal_uart.o(i.UART_CheckIdleState) for UART_CheckIdleState
    stm32f3xx_hal_uart.o(i.HAL_MultiProcessor_DisableMuteMode) refers to stm32f3xx_hal_uart.o(i.UART_CheckIdleState) for UART_CheckIdleState
    stm32f3xx_hal_uart.o(i.HAL_MultiProcessor_EnableMuteMode) refers to stm32f3xx_hal_uart.o(i.UART_CheckIdleState) for UART_CheckIdleState
    stm32f3xx_hal_uart.o(i.HAL_MultiProcessor_Init) refers to stm32f3xx_hal_msp.o(i.HAL_UART_MspInit) for HAL_UART_MspInit
    stm32f3xx_hal_uart.o(i.HAL_MultiProcessor_Init) refers to stm32f3xx_hal_uart.o(i.UART_SetConfig) for UART_SetConfig
    stm32f3xx_hal_uart.o(i.HAL_MultiProcessor_Init) refers to stm32f3xx_hal_uart.o(i.UART_AdvFeatureConfig) for UART_AdvFeatureConfig
    stm32f3xx_hal_uart.o(i.HAL_MultiProcessor_Init) refers to stm32f3xx_hal_uart.o(i.UART_CheckIdleState) for UART_CheckIdleState
    stm32f3xx_hal_uart.o(i.HAL_UART_DMAStop) refers to stm32f3xx_hal_dma.o(i.HAL_DMA_Abort) for HAL_DMA_Abort
    stm32f3xx_hal_uart.o(i.HAL_UART_DeInit) refers to stm32f3xx_hal_msp.o(i.HAL_UART_MspDeInit) for HAL_UART_MspDeInit
    stm32f3xx_hal_uart.o(i.HAL_UART_IRQHandler) refers to stm32f3xx_hal_uart_ex.o(i.HAL_UARTEx_WakeupCallback) for HAL_UARTEx_WakeupCallback
    stm32f3xx_hal_uart.o(i.HAL_UART_IRQHandler) refers to stm32f3xx_hal_uart.o(i.UART_Receive_IT) for UART_Receive_IT
    stm32f3xx_hal_uart.o(i.HAL_UART_IRQHandler) refers to stm32f3xx_hal_uart.o(i.UART_Transmit_IT) for UART_Transmit_IT
    stm32f3xx_hal_uart.o(i.HAL_UART_IRQHandler) refers to stm32f3xx_hal_uart.o(i.UART_EndTransmit_IT) for UART_EndTransmit_IT
    stm32f3xx_hal_uart.o(i.HAL_UART_IRQHandler) refers to stm32f3xx_hal_uart.o(i.HAL_UART_ErrorCallback) for HAL_UART_ErrorCallback
    stm32f3xx_hal_uart.o(i.HAL_UART_Init) refers to stm32f3xx_hal_msp.o(i.HAL_UART_MspInit) for HAL_UART_MspInit
    stm32f3xx_hal_uart.o(i.HAL_UART_Init) refers to stm32f3xx_hal_uart.o(i.UART_SetConfig) for UART_SetConfig
    stm32f3xx_hal_uart.o(i.HAL_UART_Init) refers to stm32f3xx_hal_uart.o(i.UART_AdvFeatureConfig) for UART_AdvFeatureConfig
    stm32f3xx_hal_uart.o(i.HAL_UART_Init) refers to stm32f3xx_hal_uart.o(i.UART_CheckIdleState) for UART_CheckIdleState
    stm32f3xx_hal_uart.o(i.HAL_UART_Receive) refers to stm32f3xx_hal_uart.o(i.UART_WaitOnFlagUntilTimeout) for UART_WaitOnFlagUntilTimeout
    stm32f3xx_hal_uart.o(i.HAL_UART_Receive_DMA) refers to stm32f3xx_hal_dma.o(i.HAL_DMA_Start_IT) for HAL_DMA_Start_IT
    stm32f3xx_hal_uart.o(i.HAL_UART_Receive_DMA) refers to stm32f3xx_hal_uart.o(i.UART_DMAReceiveCplt) for UART_DMAReceiveCplt
    stm32f3xx_hal_uart.o(i.HAL_UART_Receive_DMA) refers to stm32f3xx_hal_uart.o(i.UART_DMARxHalfCplt) for UART_DMARxHalfCplt
    stm32f3xx_hal_uart.o(i.HAL_UART_Receive_DMA) refers to stm32f3xx_hal_uart.o(i.UART_DMAError) for UART_DMAError
    stm32f3xx_hal_uart.o(i.HAL_UART_Transmit) refers to stm32f3xx_hal_uart.o(i.UART_WaitOnFlagUntilTimeout) for UART_WaitOnFlagUntilTimeout
    stm32f3xx_hal_uart.o(i.HAL_UART_Transmit_DMA) refers to stm32f3xx_hal_dma.o(i.HAL_DMA_Start_IT) for HAL_DMA_Start_IT
    stm32f3xx_hal_uart.o(i.HAL_UART_Transmit_DMA) refers to stm32f3xx_hal_uart.o(i.UART_DMATransmitCplt) for UART_DMATransmitCplt
    stm32f3xx_hal_uart.o(i.HAL_UART_Transmit_DMA) refers to stm32f3xx_hal_uart.o(i.UART_DMATxHalfCplt) for UART_DMATxHalfCplt
[...]
    driverSWUART2Task                        0x08008f2d   Thumb Code    40  driverswuart2.o(i.driverSWUART2Task)
    free                                     0x08008f59   Thumb Code    76  malloc.o(i.free)
    libBufferAppend_float16                  0x08008fa9   Thumb Code    20  libbuffer.o(i.libBufferAppend_float16)
    libBufferAppend_float32                  0x08008fbd   Thumb Code    18  libbuffer.o(i.libBufferAppend_float32)
    libBufferAppend_float32_auto             0x08008fd1   Thumb Code   104  libbuffer.o(i.libBufferAppend_float32_auto)
    libBufferAppend_int16                    0x0800903d   Thumb Code    22  libbuffer.o(i.libBufferAppend_int16)
    libBufferAppend_int32                    0x08009053   Thumb Code    42  libbuffer.o(i.libBufferAppend_int32)
    libBufferAppend_uint16                   0x0800907d   Thumb Code    22  libbuffer.o(i.libBufferAppend_uint16)
    libBufferAppend_uint32                   0x08009093   Thumb Code    42  libbuffer.o(i.libBufferAppend_uint32)
    libBufferAppend_uint8                    0x080090bd   Thumb Code    12  libbuffer.o(i.libBufferAppend_uint8)
    libBufferGet_float32_auto                0x080090c9   Thumb Code    92  libbuffer.o(i.libBufferGet_float32_auto)
    libBufferGet_int16                       0x08009139   Thumb Code    16  libbuffer.o(i.libBufferGet_int16)
    libBufferGet_uint16                      0x08009149   Thumb Code    14  libbuffer.o(i.libBufferGet_uint16)
    libBufferGet_uint32                      0x08009157   Thumb Code    24  libbuffer.o(i.libBufferGet_uint32)
    libBufferGet_uint8                       0x0800916f   Thumb Code    10  libbuffer.o(i.libBufferGet_uint8)
    libCRCCalcCRC16                          0x08009179   Thumb Code    38  libcrc.o(i.libCRCCalcCRC16)
    libGraphicsDrawChar                      0x080091a5   Thumb Code   382  libgraphics.o(i.libGraphicsDrawChar)
    libGraphicsDrawFastVLine                 0x0800932d   Thumb Code    18  libgraphics.o(i.libGraphicsDrawFastVLine)
    libGraphicsDrawLine                      0x0800933f   Thumb Code   160  libgraphics.o(i.libGraphicsDrawLine)
    libGraphicsDrawPixel                     0x080093df   Thumb Code     4  libgraphics.o(i.libGraphicsDrawPixel)
    libGraphicsFillRect                      0x080093e3   Thumb Code    40  libgraphics.o(i.libGraphicsFillRect)
    libGraphicsGetRotation                   0x0800940d   Thumb Code     6  libgraphics.o(i.libGraphicsGetRotation)
    libGraphicsHeight                        0x08009419   Thumb Code     8  libgraphics.o(i.libGraphicsHeight)
    libGraphicsInit                          0x08009425   Thumb Code    38  libgraphics.o(i.libGraphicsInit)
    libGraphicsSetCursor                     0x08009451   Thumb Code     8  libgraphics.o(i.libGraphicsSetCursor)
    libGraphicsSetTextColor_0                0x0800945d   Thumb Code     8  libgraphics.o(i.libGraphicsSetTextColor_0)
    libGraphicsSetTextSize                   0x08009469   Thumb Code    10  libgraphics.o(i.libGraphicsSetTextSize)
    libGraphicsWidth                         0x08009479   Thumb Code     8  libgraphics.o(i.libGraphicsWidth)
    libGraphicsWrite                         0x08009485   Thumb Code   278  libgraphics.o(i.libGraphicsWrite)
    libPacketInit                            0x080095a1   Thumb Code    16  libpacket.o(i.libPacketInit)
    libPacketProcessByte                     0x080095b5   Thumb Code   182  libpacket.o(i.libPacketProcessByte)
    libPacketSendPacket                      0x08009671   Thumb Code   134  libpacket.o(i.libPacketSendPacket)
    libRingBufferAdd                         0x080096fd   Thumb Code    52  libringbuffer.o(i.libRingBufferAdd)
    libRingBufferIncrEnd                     0x08009731   Thumb Code    20  libringbuffer.o(i.libRingBufferIncrEnd)
    libRingBufferIncrStart                   0x08009745   Thumb Code    20  libringbuffer.o(i.libRingBufferIncrStart)
    libRingBufferInit                        0x08009759   Thumb Code    90  libringbuffer.o(i.libRingBufferInit)
    libRingBufferIsEmpty                     0x080097d9   Thumb Code    12  libringbuffer.o(i.libRingBufferIsEmpty)
    libRingBufferIsFull                      0x080097e5   Thumb Code    16  libringbuffer.o(i.libRingBufferIsFull)
    libRingBufferNew                         0x080097f5   Thumb Code    46  libringbuffer.o(i.libRingBufferNew)
    libRingBufferNextEndIndex                0x08009823   Thumb Code    42  libringbuffer.o(i.libRingBufferNextEndIndex)
    libRingBufferNumElements                 0x0800984d   Thumb Code     4  libringbuffer.o(i.libRingBufferNumElements)
    libRingBufferPeek                        0x08009851   Thumb Code    48  libringbuffer.o(i.libRingBufferPeek)
    libRingBufferPull                        0x08009881   Thumb Code    56  libringbuffer.o(i.libRingBufferPull)
    main                                     0x080098b9   Thumb Code   158  main.o(i.main)
    mainWatchDogInitAndStart                 0x08009961   Thumb Code    42  main.o(i.mainWatchDogInitAndStart)
    malloc                                   0x08009995   Thumb Code    92  malloc.o(i.malloc)
    modCANGetCANID                           0x08009a01   Thumb Code    24  modcan.o(i.modCANGetCANID)
    modCANGetDestinationID                   0x08009a1d   Thumb Code    22  modcan.o(i.modCANGetDestinationID)
    modCANGetPacketID                        0x08009a39   Thumb Code    22  modcan.o(i.modCANGetPacketID)
    modCANHandleKeepAliveSafetyMessage       0x08009a55   Thumb Code    86  modcan.o(i.modCANHandleKeepAliveSafetyMessage)
    modCANInit                               0x08009ab1   Thumb Code   160  modcan.o(i.modCANInit)
    modCANRXWatchDog                         0x08009b61   Thumb Code    54  modcan.o(i.modCANRXWatchDog)
    modCANSendBuffer                         0x08009ba1   Thumb Code   262  modcan.o(i.modCANSendBuffer)
    modCANSendSimpleStatusFast               0x08009cc1   Thumb Code   244  modcan.o(i.modCANSendSimpleStatusFast)
    modCANSendSimpleStatusSlow               0x08009dbd   Thumb Code   350  modcan.o(i.modCANSendSimpleStatusSlow)
    modCANSubTaskHandleCommunication         0x08009f29   Thumb Code   372  modcan.o(i.modCANSubTaskHandleCommunication)
    modCANTask                               0x0800a0ad   Thumb Code   106  modcan.o(i.modCANTask)
    modCANTransmitExtID                      0x0800a121   Thumb Code    40  modcan.o(i.modCANTransmitExtID)
    modCommandsInit                          0x0800a14d   Thumb Code    12  modcommands.o(i.modCommandsInit)
    modCommandsJumpToMainApplication         0x0800a15d   Thumb Code    26  modcommands.o(i.modCommandsJumpToMainApplication)
    modCommandsPrintf                        0x0800a181   Thumb Code    50  modcommands.o(i.modCommandsPrintf)
    modCommandsProcessPacket                 0x0800a1b9   Thumb Code  2852  modcommands.o(i.modCommandsProcessPacket)
    modCommandsSendPacket                    0x0800ace1   Thumb Code    12  modcommands.o(i.modCommandsSendPacket)
    modCommandsSetSendFunction               0x0800acf1   Thumb Code     6  modcommands.o(i.modCommandsSetSendFunction)
    modConfigInit                            0x0800acfd   Thumb Code    10  modconfig.o(i.modConfigInit)
    modConfigLoadConfig                      0x0800ad11   Thumb Code     8  modconfig.o(i.modConfigLoadConfig)
    modConfigLoadDefaultConfig               0x0800ad1d   Thumb Code   356  modconfig.o(i.modConfigLoadDefaultConfig)
    modConfigStoreAndLoadDefaultConfig       0x0800aec1   Thumb Code    24  modconfig.o(i.modConfigStoreAndLoadDefaultConfig)
    modConfigStoreConfig                     0x0800aedd   Thumb Code     8  modconfig.o(i.modConfigStoreConfig)
    modConfigStoreDefaultConfig              0x0800aee9   Thumb Code    28  modconfig.o(i.modConfigStoreDefaultConfig)
    modDelayInit                             0x0800af09   Thumb Code    32  moddelay.o(i.modDelayInit)
    modDelayTick100ms                        0x0800af31   Thumb Code    46  moddelay.o(i.modDelayTick100ms)
    modDelayTick1ms                          0x0800af65   Thumb Code    32  moddelay.o(i.modDelayTick1ms)
    modDelayTick1msNoRST                     0x0800af85   Thumb Code    26  moddelay.o(i.modDelayTick1msNoRST)
    modDisplayInit                           0x0800afa1   Thumb Code    64  moddisplay.o(i.modDisplayInit)
    modDisplayShowInfo                       0x0800afe5   Thumb Code   610  moddisplay.o(i.modDisplayShowInfo)
    modDisplayTask                           0x0800b26d   Thumb Code    52  moddisplay.o(i.modDisplayTask)
    modEffectChangeState                     0x0800b2a5   Thumb Code    34  modeffect.o(i.modEffectChangeState)
    modEffectInit                            0x0800b2cd   Thumb Code    18  modeffect.o(i.modEffectInit)
    modEffectTask                            0x0800b2e1   Thumb Code   108  modeffect.o(i.modEffectTask)
    modEffectTaskBlinkLong                   0x0800b351   Thumb Code    72  modeffect.o(i.modEffectTaskBlinkLong)
    modEffectTaskBlinkShort                  0x0800b39d   Thumb Code    72  modeffect.o(i.modEffectTaskBlinkShort)
    modEffectTaskBlinkShortLong              0x0800b3e9   Thumb Code    50  modeffect.o(i.modEffectTaskBlinkShortLong)
    modEffectTaskFlash                       0x0800b421   Thumb Code    32  modeffect.o(i.modEffectTaskFlash)
    modEffectTaskFlashFast                   0x0800b445   Thumb Code    32  modeffect.o(i.modEffectTaskFlashFast)
    modFlashEraseNewAppData                  0x0800b469   Thumb Code    62  modflash.o(i.modFlashEraseNewAppData)
    modFlashJumpToBootloader                 0x0800b4b1   Thumb Code   118  modflash.o(i.modFlashJumpToBootloader)
    modFlashWriteByte                        0x0800b535   Thumb Code    70  modflash.o(i.modFlashWriteByte)
    modFlashWriteNewAppData                  0x0800b581   Thumb Code    50  modflash.o(i.modFlashWriteNewAppData)
    modHiAmpInit                             0x0800b5b9   Thumb Code   108  modhiamp.o(i.modHiAmpInit)
    modHiAmpShieldMainShuntMonitorInit       0x0800b629   Thumb Code    32  modhiamp.o(i.modHiAmpShieldMainShuntMonitorInit)
    modHiAmpShieldPresentCheck               0x0800b649   Thumb Code    88  modhiamp.o(i.modHiAmpShieldPresentCheck)
    modHiAmpShieldRelayControllerPassSampledInput 0x0800b6a1   Thumb Code   102  modhiamp.o(i.modHiAmpShieldRelayControllerPassSampledInput)
    modHiAmpShieldRelayControllerSetRelayOutputState 0x0800b70d   Thumb Code    44  modhiamp.o(i.modHiAmpShieldRelayControllerSetRelayOutputState)
    modHiAmpShieldRelayControllerTask        0x0800b739   Thumb Code   244  modhiamp.o(i.modHiAmpShieldRelayControllerTask)
    modHiAmpShieldResetSensors               0x0800b831   Thumb Code   136  modhiamp.o(i.modHiAmpShieldResetSensors)
    modHiAmpShieldResetVariables             0x0800b8c5   Thumb Code    38  modhiamp.o(i.modHiAmpShieldResetVariables)
    modHiAmpShieldScanI2CDevices             0x0800b8f1   Thumb Code   136  modhiamp.o(i.modHiAmpShieldScanI2CDevices)
    modHiAmpShieldSetFANSpeedAll             0x0800b979   Thumb Code    16  modhiamp.o(i.modHiAmpShieldSetFANSpeedAll)
    modHiAmpShieldShuntMonitorGetCurrent     0x0800b98d   Thumb Code    30  modhiamp.o(i.modHiAmpShieldShuntMonitorGetCurrent)
    modHiAmpShieldShuntMonitorGetVoltage     0x0800b9b1   Thumb Code    22  modhiamp.o(i.modHiAmpShieldShuntMonitorGetVoltage)
    modHiAmpShieldTemperatureHumidityMeasureTask 0x0800b9cd   Thumb Code   292  modhiamp.o(i.modHiAmpShieldTemperatureHumidityMeasureTask)
    modHiAmpTask                             0x0800baf5   Thumb Code   274  modhiamp.o(i.modHiAmpTask)
    modOperationalStateDelayedDisable        0x0800bc11   Thumb Code    46  modoperationalstate.o(i.modOperationalStateDelayedDisable)
    modOperationalStateHandleChargerDisconnect 0x0800bc45   Thumb Code    92  modoperationalstate.o(i.modOperationalStateHandleChargerDisconnect)
    modOperationalStateInit                  0x0800bca5   Thumb Code    56  modoperationalstate.o(i.modOperationalStateInit)
    modOperationalStateSetAllStates          0x0800bce1   Thumb Code    14  modoperationalstate.o(i.modOperationalStateSetAllStates)
    modOperationalStateTask                  0x0800bcf5   Thumb Code  1222  modoperationalstate.o(i.modOperationalStateTask)
    modOperationalStateTerminateOperation    0x0800c1c1   Thumb Code    16  modoperationalstate.o(i.modOperationalStateTerminateOperation)
    modOperationalStateUpdateStates          0x0800c1d1   Thumb Code    16  modoperationalstate.o(i.modOperationalStateUpdateStates)
    modPowerElectronicsAllowForcedOn         0x0800c1e5   Thumb Code     6  modpowerelectronics.o(i.modPowerElectronicsAllowForcedOn)
    modPowerElectronicsCalcTempStats         0x0800c1f1   Thumb Code   258  modpowerelectronics.o(i.modPowerElectronicsCalcTempStats)
    modPowerElectronicsCalcThrottle          0x0800c305   Thumb Code   196  modpowerelectronics.o(i.modPowerElectronicsCalcThrottle)
    modPowerElectronicsCalculateCellStats    0x0800c3d1   Thumb Code   126  modpowerelectronics.o(i.modPowerElectronicsCalculateCellStats)
    modPowerElectronicsDisableAll            0x0800c459   Thumb Code    40  modpowerelectronics.o(i.modPowerElectronicsDisableAll)
    modPowerElectronicsHCSafetyCANAndPowerButtonCheck 0x0800c485   Thumb Code    32  modpowerelectronics.o(i.modPowerElectronicsHCSafetyCANAndPowerButtonCheck)
    modPowerElectronicsInit                  0x0800c4a9   Thumb Code   270  modpowerelectronics.o(i.modPowerElectronicsInit)
    modPowerElectronicsInitISL               0x0800c5c5   Thumb Code    32  modpowerelectronics.o(i.modPowerElectronicsInitISL)
    modPowerElectronicsMapVariableFloat      0x0800c5e5   Thumb Code    54  modpowerelectronics.o(i.modPowerElectronicsMapVariableFloat)
    modPowerElectronicsResetBalanceModeActiveTimeout 0x0800c61d   Thumb Code    12  modpowerelectronics.o(i.modPowerElectronicsResetBalanceModeActiveTimeout)
    modPowerElectronicsSetCharge             0x0800c62d   Thumb Code    40  modpowerelectronics.o(i.modPowerElectronicsSetCharge)
    modPowerElectronicsSetDisCharge          0x0800c659   Thumb Code    70  modpowerelectronics.o(i.modPowerElectronicsSetDisCharge)
    modPowerElectronicsSetPreCharge          0x0800c6a5   Thumb Code    40  modpowerelectronics.o(i.modPowerElectronicsSetPreCharge)
    modPowerElectronicsSortCells             0x0800c6d1   Thumb Code    80  modpowerelectronics.o(i.modPowerElectronicsSortCells)
    modPowerElectronicsSubTaskBalaning       0x0800c721   Thumb Code   244  modpowerelectronics.o(i.modPowerElectronicsSubTaskBalaning)
    modPowerElectronicsSubTaskVoltageWatch   0x0800c819   Thumb Code   428  modpowerelectronics.o(i.modPowerElectronicsSubTaskVoltageWatch)
    modPowerElectronicsTask                  0x0800c9c9   Thumb Code   476  modpowerelectronics.o(i.modPowerElectronicsTask)
    modPowerElectronicsUpdateSwitches        0x0800cbb5   Thumb Code    94  modpowerelectronics.o(i.modPowerElectronicsUpdateSwitches)
    modPowerStateButtonPressedOnTurnon       0x0800cc19   Thumb Code     6  modpowerstate.o(i.modPowerStateButtonPressedOnTurnon)
    modPowerStateChargerDetected             0x0800cc25   Thumb Code    14  modpowerstate.o(i.modPowerStateChargerDetected)
    modPowerStateForceOnRequest              0x0800cc39   Thumb Code    24  modpowerstate.o(i.modPowerStateForceOnRequest)
    modPowerStateGetButtonPressedState       0x0800cc55   Thumb Code     6  modpowerstate.o(i.modPowerStateGetButtonPressedState)
    modPowerStateInit                        0x0800cc61   Thumb Code    92  modpowerstate.o(i.modPowerStateInit)
    modPowerStatePowerdownRequest            0x0800ccc1   Thumb Code    32  modpowerstate.o(i.modPowerStatePowerdownRequest)
    modPowerStateSetConfigHandle             0x0800cce5   Thumb Code    26  modpowerstate.o(i.modPowerStateSetConfigHandle)
    modPowerStateSetState                    0x0800cd05   Thumb Code     8  modpowerstate.o(i.modPowerStateSetState)
    modPowerStateTask                        0x0800cd0d   Thumb Code   142  modpowerstate.o(i.modPowerStateTask)
    modStateOfChargeInit                     0x0800cda1   Thumb Code    30  modstateofcharge.o(i.modStateOfChargeInit)
    modStateOfChargeLoadStateOfCharge        0x0800cdcd   Thumb Code     8  modstateofcharge.o(i.modStateOfChargeLoadStateOfCharge)
    modStateOfChargePowerDownSave            0x0800cdd9   Thumb Code    24  modstateofcharge.o(i.modStateOfChargePowerDownSave)
    modStateOfChargeProcess                  0x0800cdf5   Thumb Code   218  modstateofcharge.o(i.modStateOfChargeProcess)
    modStateOfChargeStoreAndLoadDefaultStateOfCharge 0x0800cee9   Thumb Code    62  modstateofcharge.o(i.modStateOfChargeStoreAndLoadDefaultStateOfCharge)
    modStateOfChargeStoreStateOfCharge       0x0800cf31   Thumb Code     8  modstateofcharge.o(i.modStateOfChargeStoreStateOfCharge)
    modStateOfChargeVoltageEvent             0x0800cf3d   Thumb Code    20  modstateofcharge.o(i.modStateOfChargeVoltageEvent)
    modUARTInit                              0x0800cf59   Thumb Code    24  moduart.o(i.modUARTInit)
    modUARTProcessPacket                     0x0800cf79   Thumb Code    24  moduart.o(i.modUARTProcessPacket)
    modUARTSendPacket                        0x0800cf95   Thumb Code    24  moduart.o(i.modUARTSendPacket)
    modUARTSendPacketWrapper                 0x0800cfad   Thumb Code     6  moduart.o(i.modUARTSendPacketWrapper)
    modUARTTask                              0x0800cfb5   Thumb Code    34  moduart.o(i.modUARTTask)
    terminal_process_string                  0x0800cfd9   Thumb Code  5018  modterminal.o(i.terminal_process_string)
    aPLLMULFactorTable                       0x0800e5ac   Data          16  stm32f3xx_hal_rcc.o(.constdata)
    aPredivFactorTable                       0x0800e5bc   Data          16  stm32f3xx_hal_rcc.o(.constdata)
    driverHWADCPorts                         0x0800e5cc   Data          48  driverhwadc.o(.constdata)
    driverHWI2C1Ports                        0x0800e5fc   Data          48  driverhwi2c1.o(.constdata)
    driverHWI2C2Ports                        0x0800e62c   Data          72  driverhwi2c2.o(.constdata)
    driverHWPorts                            0x0800e674   Data          60  driverhwpowerstate.o(.constdata)
    STATPorts                                0x0800e6b0   Data          36  driverhwstatus.o(.constdata)
    driverHWSwitchesPorts                    0x0800e6d4   Data          80  driverhwswitches.o(.constdata)
    libCRCLookupTable                        0x0800e8b4   Data         512  libcrc.o(.constdata)
    font                                     0x0800eab4   Data        1280  libglcdfont.o(.constdata)
    libLogos                                 0x0800efb4   Data        7168  liblogos.o(.constdata)
    AHBPrescTable                            0x08010bb4   Data          16  system_stm32f3xx.o(.constdata)
    APBPrescTable                            0x08010bc4   Data           8  system_stm32f3xx.o(.constdata)
    __mathlib_zero                           0x08010c08   Data           8  qnan.o(.constdata)
    __ctype_categories                       0x08010c10   Data          64  ctype_c.o(.constdata)
    uwTick                                   0x20000000   Data           4  stm32f3xx_hal.o(.data)
    DataVar                                  0x2000000c   Data           2  driverhweeprom.o(.data)
    driverHWEEPROMNumberOfVars               0x2000000e   Data           2  driverhweeprom.o(.data)
    driverSWADC128StartupDelayLastTick       0x20000020   Data           4  driverswadc128d818.o(.data)
    driverSWDCDCEnabledState                 0x20000024   Data           1  driverswdcdc.o(.data)
    driverSWDCDCEnabledDesiredState          0x20000025   Data           1  driverswdcdc.o(.data)
    driverSWDCDCPackStateHandle              0x20000028   Data           4  driverswdcdc.o(.data)
    driverSWEMC2305MinimalDutyCycle          0x2000002c   Data           1  driverswemc2305.o(.data)
    driverSWEMC2305DutyCyle                  0x2000002d   Data           4  driverswemc2305.o(.data)
    driverSWLTC6803TotalNumerOfICs           0x20000034   Data           1  driverswltc6803.o(.data)
    driverSWSHT21LastMeasureType             0x20000048   Data           1  driverswsht21.o(.data)
    driverSWSHT21LastMeasureStart            0x2000004c   Data           4  driverswsht21.o(.data)
    driverSWSHT21LastTemperature             0x20000050   Data           4  driverswsht21.o(.data)
    driverSWSHT21LastHumidity                0x20000054   Data           4  driverswsht21.o(.data)
    _i2caddr                                 0x20000058   Data           1  driverswssd1306.o(.data)
    _vccstate                                0x20000059   Data           1  driverswssd1306.o(.data)
    driverSWStorageManagerConfigEmpty        0x2000005c   Data           1  driverswstoragemanager.o(.data)
    driverSWStorageManagerStateOfChargeEmpty 0x2000005d   Data           1  driverswstoragemanager.o(.data)
    driverSWStorageManagerDataSize           0x2000005e   Data           2  driverswstoragemanager.o(.data)
    driverSWStorageManagerConfigStructSize   0x20000060   Data           2  driverswstoragemanager.o(.data)
    driverSWStorageManagerStateOfChargeStructSize 0x20000062   Data           2  driverswstoragemanager.o(.data)
    driverHWEEPROMVirtAddVarTab              0x20000064   Data           4  driverswstoragemanager.o(.data)
    driverSWUART2OutputBuffer                0x20000068   Data           4  driverswuart2.o(.data)
    modCANErrorLastTick                      0x20000080   Data           4  modcan.o(.data)
    modCANSendStatusSimpleFastLastTisk       0x20000084   Data           4  modcan.o(.data)
    modCANSendStatusSimpleSlowLastTisk       0x20000088   Data           4  modcan.o(.data)
    modCANSafetyCANMessageTimeout            0x2000008c   Data           4  modcan.o(.data)
    modCANLastRXID                           0x20000090   Data           4  modcan.o(.data)
    modCANLastRXDifferLastTick               0x20000094   Data           4  modcan.o(.data)
    modCANPackStateHandle                    0x20000098   Data           4  modcan.o(.data)
    modCANGeneralConfigHandle                0x2000009c   Data           4  modcan.o(.data)
    jumpBootloaderTrue                       0x200000a0   Data           1  modcommands.o(.data)
    modCommandsGeneralConfig                 0x200000a8   Data           4  modcommands.o(.data)
    modCommandsToBeSendConfig                0x200000ac   Data           4  modcommands.o(.data)
    modCommandsGeneralState                  0x200000b0   Data           4  modcommands.o(.data)
    modDisplayCurrentState                   0x200000c0   Data           1  moddisplay.o(.data)
    modDisplayPresent                        0x200000c1   Data           1  moddisplay.o(.data)
    modDisplayLastRefresh                    0x200000c8   Data           4  moddisplay.o(.data)
    modDisplayStartupDelay                   0x200000cc   Data           4  moddisplay.o(.data)
    STATStatuses                             0x200000ec   Data          24  modeffect.o(.data)
    modHiAmpShieldRelayControllerRelayEnabledState 0x20000111   Data           1  modhiamp.o(.data)
    modHiAmpShieldRelayControllerRelayEnabledLastState 0x20000112   Data           1  modhiamp.o(.data)
    modHiAmpShieldRelayControllerRelayEnabledDesiredLastState 0x20000113   Data           1  modhiamp.o(.data)
    modHiAmpPackStateHandle                  0x20000118   Data           4  modhiamp.o(.data)
    modHiAmpGeneralConfigHandle              0x2000011c   Data           4  modhiamp.o(.data)
    modHiAmpShieldPresenceDetectLastTick     0x20000120   Data           4  modhiamp.o(.data)
    modHiAmpShieldSamplingLastTick           0x20000124   Data           4  modhiamp.o(.data)
    modHiAmpShieldRelayTimeoutLastTick       0x20000128   Data           4  modhiamp.o(.data)
    modOperationalStateLastState             0x2000012c   Data           1  modoperationalstate.o(.data)
    modOperationalStateCurrentState          0x2000012d   Data           1  modoperationalstate.o(.data)
    modOperationalStateNewState              0x2000012e   Data           1  modoperationalstate.o(.data)
    packOperationalCellStateLastErrorState   0x2000012f   Data           1  modoperationalstate.o(.data)
    modOperationalStateForceOn               0x20000130   Data           1  modoperationalstate.o(.data)
    modOperationalStatePackStatehandle       0x20000134   Data           4  modoperationalstate.o(.data)
    modOperationalStateGeneralConfigHandle   0x20000138   Data           4  modoperationalstate.o(.data)
    modOperationalStateGeneralStateOfCharge  0x2000013c   Data           4  modoperationalstate.o(.data)
    modOperationalStateChargerTimeout        0x20000140   Data           4  modoperationalstate.o(.data)
    modOperationalStateChargedTimeout        0x20000144   Data           4  modoperationalstate.o(.data)
    modOperationalStatePreChargeTimeout      0x20000148   Data           4  modoperationalstate.o(.data)
    modOperationalStateStartupDelay          0x2000014c   Data           4  modoperationalstate.o(.data)
    modOperationalStateChargerDisconnectDetectDelay 0x20000150   Data           4  modoperationalstate.o(.data)
    modOperationalStateBatteryDeadDisplayTime 0x20000154   Data           4  modoperationalstate.o(.data)
    modOperationalStateErrorDisplayTime      0x20000158   Data           4  modoperationalstate.o(.data)
    modOperationalStateNotUsedResetDelay     0x2000015c   Data           4  modoperationalstate.o(.data)
    modOperationalStateNotUsedTime           0x20000160   Data           4  modoperationalstate.o(.data)
    modOperationalStatePSPDisableDelay       0x20000164   Data           4  modoperationalstate.o(.data)
    modOperationalStateWatchDogCountdownLastTick 0x20000168   Data           4  modoperationalstate.o(.data)
    modPowerElectronicsUnderAndOverVoltageErrorCount 0x20000174   Data           1  modpowerelectronics.o(.data)
    modPowerElectronicsAllowForcedOnState    0x20000175   Data           1  modpowerelectronics.o(.data)
    modPowerElectronicsISLErrorCount         0x20000176   Data           1  modpowerelectronics.o(.data)
    modPowerElectronicsPackStateHandle       0x20000180   Data           4  modpowerelectronics.o(.data)
    modPowerElectronicsGeneralConfigHandle   0x20000184   Data           4  modpowerelectronics.o(.data)
    modPowerElectronicsMeasureIntervalLastTick 0x20000188   Data           4  modpowerelectronics.o(.data)
    modPowerElectronicsChargeRetryLastTick   0x2000018c   Data           4  modpowerelectronics.o(.data)
    modPowerElectronicsDisChargeLCRetryLastTick 0x20000190   Data           4  modpowerelectronics.o(.data)
    modPowerElectronicsDisChargeHCRetryLastTick 0x20000194   Data           4  modpowerelectronics.o(.data)
    modPowerElectronicsCellBalanceUpdateLastTick 0x20000198   Data           4  modpowerelectronics.o(.data)
    modPowerElectronicsTempMeasureDelayLastTick 0x2000019c   Data           4  modpowerelectronics.o(.data)
    modPowerElectronicsChargeCurrentDetectionLastTick 0x200001a0   Data           4  modpowerelectronics.o(.data)
    modPowerElectronicsBalanceModeActiveLastTick 0x200001a4   Data           4  modpowerelectronics.o(.data)
    modPowerElectronicsTempPackVoltage       0x200001a8   Data           4  modpowerelectronics.o(.data)
    modPowerElectronicsTemperatureArray      0x200001ac   Data           6  modpowerelectronics.o(.data)
    modPowerStatePulsePowerDownDesired       0x200001b6   Data           1  modpowerstate.o(.data)
    modPowerStateForceOnDesired              0x200001b7   Data           1  modpowerstate.o(.data)
    modPowerStateButtonPressedVar            0x200001b8   Data           1  modpowerstate.o(.data)
    modPowerStateLastButtonPressedVar        0x200001b9   Data           1  modpowerstate.o(.data)
    modPowerStateLastButtonFirstPress        0x200001ba   Data           1  modpowerstate.o(.data)
    modPowerStateButtonPulsToggleMode        0x200001bb   Data           1  modpowerstate.o(.data)
    modPowerStatePowerModeDirectHCDelay      0x200001bc   Data           1  modpowerstate.o(.data)
    modPowerStateGeneralConfigHandle         0x200001c0   Data           4  modpowerstate.o(.data)
    modPowerStateButtonPressedDuration       0x200001c4   Data           4  modpowerstate.o(.data)
    modPowerStateButtonPressedTimeStamp      0x200001c8   Data           4  modpowerstate.o(.data)
    modPowerStateStartupDelay                0x200001cc   Data           4  modpowerstate.o(.data)
    modPowerStatePowerDownTimeout            0x200001d0   Data           4  modpowerstate.o(.data)
    modStateOfChargePowerDownSavedFlag       0x200001d4   Data           1  modstateofcharge.o(.data)
    modStateOfChargePackStatehandle          0x200001d8   Data           4  modstateofcharge.o(.data)
    modStateOfChargeGeneralConfigHandle      0x200001dc   Data           4  modstateofcharge.o(.data)
    modStateOfChargeLargeCoulombTick         0x200001e0   Data           4  modstateofcharge.o(.data)
    modStateOfChargeStoreSoCTick             0x200001e4   Data           4  modstateofcharge.o(.data)
    textsize                                 0x200001ec   Data           1  libgraphics.o(.data)
    rotation                                 0x200001ed   Data           1  libgraphics.o(.data)
    wrap                                     0x200001ee   Data           1  libgraphics.o(.data)
    _cp437                                   0x200001ef   Data           1  libgraphics.o(.data)
    WIDTH                                    0x200001f0   Data           2  libgraphics.o(.data)
    HEIGHT                                   0x200001f2   Data           2  libgraphics.o(.data)
    _width                                   0x200001f4   Data           2  libgraphics.o(.data)
    _height                                  0x200001f6   Data           2  libgraphics.o(.data)
    cursor_x                                 0x200001f8   Data           2  libgraphics.o(.data)
    cursor_y                                 0x200001fa   Data           2  libgraphics.o(.data)
    textcolor                                0x200001fc   Data           2  libgraphics.o(.data)
    textbgcolor                              0x200001fe   Data           2  libgraphics.o(.data)
    gfxFont                                  0x20000200   Data           4  libgraphics.o(.data)
    SystemCoreClock                          0x20000204   Data           4  system_stm32f3xx.o(.data)
    generalConfig                            0x20000208   Data           4  main.o(.data)
    generalStateOfCharge                     0x2000020c   Data           4  main.o(.data)
    __microlib_freelist                      0x20000214   Data           4  mvars.o(.data)
    __microlib_freelist_initialised          0x20000218   Data           4  mvars.o(.data)
    pFlash                                   0x20000220   Data          32  stm32f3xx_hal_flash.o(.bss)
    hadc1                                    0x20000240   Data          84  driverhwadc.o(.bss)
    driverHWI2C1                             0x20000294   Data          76  driverhwi2c1.o(.bss)
    driverHWI2C2                             0x200002e0   Data          76  driverhwi2c2.o(.bss)
    driverHWSPI1Handle                       0x2000032c   Data         100  driverhwspi1.o(.bss)
    driverHWUART2Handle                      0x20000390   Data         112  driverhwuart2.o(.bss)
    driverHWUART2HDMAHandleRX                0x20000400   Data          60  driverhwuart2.o(.bss)
    driverHWUART2ReceiveBuffer               0x2000043c   Data        1024  driverhwuart2.o(.bss)
    driverSWLTC6803ConfigStruct              0x2000083c   Data          20  driverswltc6803.o(.bss)
    displayBufferReal                        0x20000861   Data        1024  driverswssd1306.o(.bss)
    displayBufferDesired                     0x20000c61   Data        1024  driverswssd1306.o(.bss)
    modCANHandle                             0x200010a4   Data          64  modcan.o(.bss)
    modCommandsConfigStorage                 0x20003dc0   Data         228  modcommands.o(.bss)
    modConfigGeneralConfig                   0x20003ea4   Data         228  modconfig.o(.bss)
    modOperationalStateDisplayData           0x20003f98   Data          16  modoperationalstate.o(.bss)
    modPowerElectronicsLTCconfigStruct       0x20003fa8   Data          20  modpowerelectronics.o(.bss)
    modStateOfChargeGeneralStateOfCharge     0x20003fbc   Data          16  modstateofcharge.o(.bss)
    handleIWDG                               0x2000519c   Data          20  main.o(.bss)
    packState                                0x200051b0   Data         300  main.o(.bss)
    __heap_base                              0x200052e0   Data           0  startup_stm32f303xc.o(HEAP)
    __heap_limit                             0x20005ae0   Data           0  startup_stm32f303xc.o(HEAP)
    __initial_sp                             0x20005ee0   Data           0  startup_stm32f303xc.o(STACK)



==============================================================================

Memory Map of the image

  Image Entry point : 0x08000189

  Load Region LR_IROM1 (Base: 0x08000000, Size: 0x00000420, Max: 0x00000800, ABSOLUTE, COMPRESSED[0x00000218])

    Execution Region ER_IROM1 (Base: 0x08000000, Size: 0x00000200, Max: 0x00000800, ABSOLUTE)

    Base Addr    Size         Type   Attr      Idx    E Section Name        Object

    0x08000000   0x00000188   Data   RO         5704    RESET               startup_stm32f303xc.o
    0x08000188   0x00000000   Code   RO         5982  * .ARM.Collect$$$$00000000  mc_w.l(entry.o)
    0x08000188   0x00000004   Code   RO         6114    .ARM.Collect$$$$00000001  mc_w.l(entry2.o)
    0x0800018c   0x00000004   Code   RO         6117    .ARM.Collect$$$$00000004  mc_w.l(entry5.o)
    0x08000190   0x00000000   Code   RO         6119    .ARM.Collect$$$$00000008  mc_w.l(entry7b.o)
    0x08000190   0x00000000   Code   RO         6121    .ARM.Collect$$$$0000000A  mc_w.l(entry8b.o)
    0x08000190   0x00000008   Code   RO         6122    .ARM.Collect$$$$0000000B  mc_w.l(entry9a.o)
    0x08000198   0x00000000   Code   RO         6124    .ARM.Collect$$$$0000000D  mc_w.l(entry10a.o)
    0x08000198   0x00000000   Code   RO         6126    .ARM.Collect$$$$0000000F  mc_w.l(entry11a.o)
    0x08000198   0x00000004   Code   RO         6115    .ARM.Collect$$$$00002712  mc_w.l(entry2.o)
    0x0800019c   0x00000024   Code   RO         6169    .text               mc_w.l(init.o)
    0x080001c0   0x0000000e   Code   RO         6180    i.__scatterload_copy  mc_w.l(handlers.o)
    0x080001ce   0x00000002   Code   RO         6181    i.__scatterload_null  mc_w.l(handlers.o)
    0x080001d0   0x0000000e   Code   RO         6182    i.__scatterload_zeroinit  mc_w.l(handlers.o)
    0x080001de   0x00000002   PAD
    0x080001e0   0x00000020   Data   RO         6178    Region$$Table       anon$$obj.o


    Execution Region RW_IRAM1 (Base: 0x20000000, Size: 0x00005ee0, Max: 0x0000c000, ABSOLUTE, COMPRESSED[0x00000018])

    Base Addr    Size         Type   Attr      Idx    E Section Name        Object

    0x20000000   0x00000004   Data   RW         1945    .data               stm32f3xx_hal.o
    0x20000004   0x00000008   Data   RW         2767    .data               driverhwadc.o
    0x2000000c   0x00000004   Data   RW         2830    .data               driverhweeprom.o
    0x20000010   0x00000004   Data   RW         3169    .data               driverhwuart2.o
    0x20000014   0x00000010   Data   RW         3217    .data               driverswadc128d818.o
    0x20000024   0x00000008   Data   RW         3317    .data               driverswdcdc.o
    0x2000002c   0x00000005   Data   RW         3425    .data               driverswemc2305.o
    0x20000031   0x00000001   PAD
    0x20000032   0x00000002   Data   RW         3474    .data               driverswisl28022.o
    0x20000034   0x00000010   Data   RW         3530    .data               driverswltc6803.o
    0x20000044   0x00000003   Data   RW         3657    .data               driverswpcal6416.o
    0x20000047   0x00000001   PAD
    0x20000048   0x00000010   Data   RW         3703    .data               driverswsht21.o
    0x20000058   0x00000004   Data   RW         3784    .data               driverswssd1306.o
    0x2000005c   0x0000000c   Data   RW         3921    .data               driverswstoragemanager.o
    0x20000068   0x00000004   Data   RW         3977    .data               driverswuart2.o
    0x2000006c   0x00000034   Data   RW         4052    .data               modcan.o
    0x200000a0   0x00000014   Data   RW         4254    .data               modcommands.o
    0x200000b4   0x0000000c   Data   RW         4376    .data               moddelay.o
    0x200000c0   0x00000010   Data   RW         4428    .data               moddisplay.o
    0x200000d0   0x00000034   Data   RW         4473    .data               modeffect.o
    0x20000104   0x0000000c   Data   RW         4545    .data               modflash.o
    0x20000110   0x0000001c   Data   RW         4617    .data               modhiamp.o
    0x2000012c   0x00000040   Data   RW         4716    .data               modoperationalstate.o
    0x2000016c   0x00000046   Data   RW         4801    .data               modpowerelectronics.o
    0x200001b2   0x00000002   PAD
    0x200001b4   0x00000020   Data   RW         4931    .data               modpowerstate.o
    0x200001d4   0x00000014   Data   RW         5008    .data               modstateofcharge.o
    0x200001e8   0x00000004   Data   RW         5067    .data               modterminal.o
    0x200001ec   0x00000018   Data   RW         5353    .data               libgraphics.o
    0x20000204   0x00000004   Data   RW         5839    .data               system_stm32f3xx.o
    0x20000208   0x00000008   Data   RW         5879    .data               main.o
    0x20000210   0x00000004   Data   RW         5998    .data               mc_w.l(strtok.o)
    0x20000214   0x00000004   Data   RW         6137    .data               mc_w.l(mvars.o)
    0x20000218   0x00000004   Data   RW         6138    .data               mc_w.l(mvars.o)
    0x2000021c   0x00000004   Data   RW         6142    .data               mc_w.l(errno.o)
    0x20000220   0x00000020   Zero   RW         2325    .bss                stm32f3xx_hal_flash.o
    0x20000240   0x00000054   Zero   RW         2765    .bss                driverhwadc.o
    0x20000294   0x0000004c   Zero   RW         2901    .bss                driverhwi2c1.o
    0x200002e0   0x0000004c   Zero   RW         2944    .bss                driverhwi2c2.o
    0x2000032c   0x00000064   Zero   RW         3029    .bss                driverhwspi1.o
    0x20000390   0x000004ac   Zero   RW         3168    .bss                driverhwuart2.o
    0x2000083c   0x00000014   Zero   RW         3529    .bss                driverswltc6803.o
    0x20000850   0x00000811   Zero   RW         3783    .bss                driverswssd1306.o
    0x20001061   0x00000003   PAD
    0x20001064   0x0000285c   Zero   RW         4051    .bss                modcan.o
    0x200038c0   0x000005e4   Zero   RW         4253    .bss                modcommands.o
    0x20003ea4   0x000000e4   Zero   RW         4321    .bss                modconfig.o
    0x20003f88   0x00000010   Zero   RW         4427    .bss                moddisplay.o
    0x20003f98   0x00000010   Zero   RW         4715    .bss                modoperationalstate.o
    0x20003fa8   0x00000014   Zero   RW         4800    .bss                modpowerelectronics.o
    0x20003fbc   0x00000010   Zero   RW         5007    .bss                modstateofcharge.o
    0x20003fcc   0x00000190   Zero   RW         5065    .bss                modterminal.o
    0x2000415c   0x00001040   Zero   RW         5590    .bss                libpacket.o
    0x2000519c   0x00000140   Zero   RW         5878    .bss                main.o
    0x200052dc   0x00000004   PAD
    0x200052e0   0x00000800   Zero   RW         5703    HEAP                startup_stm32f303xc.o
    0x20005ae0   0x00000400   Zero   RW         5702    STACK               startup_stm32f303xc.o



  Load Region LR_IROM2 (Base: 0x08001800, Size: 0x0000f550, Max: 0x00015800, ABSOLUTE)

    Execution Region ER_IROM2 (Base: 0x08001800, Size: 0x0000f550, Max: 0x00015800, ABSOLUTE)

    Base Addr    Size         Type   Attr      Idx    E Section Name        Object

    0x08001800   0x00000024   Code   RO         5705    .text               startup_stm32f303xc.o
    0x08001824   0x00000020   Code   RO         5985    .text               mc_w.l(llushr.o)
    0x08001844   0x00000024   Code   RO         5987    .text               mc_w.l(memcpya.o)
    0x08001868   0x00000024   Code   RO         5989    .text               mc_w.l(memseta.o)
    0x0800188c   0x0000001c   Code   RO         5991    .text               mc_w.l(strcmp.o)
    0x080018a8   0x0000001a   Code   RO         5993    .text               mc_w.l(memcmp.o)
    0x080018c2   0x00000012   Code   RO         5995    .text               mc_w.l(strcpy.o)
    0x080018d4   0x00000044   Code   RO         5997    .text               mc_w.l(strtok.o)
    0x08001918   0x00000038   Code   RO         6061    .text               mc_w.l(__0sscanf.o)
    0x08001950   0x0000014c   Code   RO         6063    .text               mc_w.l(_scanf_int.o)
    0x08001a9c   0x0000014e   Code   RO         6065    .text               mf_w.l(dadd.o)
    0x08001bea   0x000000e4   Code   RO         6067    .text               mf_w.l(dmul.o)
    0x08001cce   0x000000de   Code   RO         6069    .text               mf_w.l(ddiv.o)
    0x08001dac   0x00000022   Code   RO         6071    .text               mf_w.l(dflti.o)
    0x08001dce   0x0000001a   Code   RO         6073    .text               mf_w.l(dfltui.o)
    0x08001de8   0x00000032   Code   RO         6075    .text               mf_w.l(dfixui.o)
    0x08001e1a   0x00000026   Code   RO         6077    .text               mf_w.l(f2d.o)
    0x08001e40   0x00000030   Code   RO         6079    .text               mf_w.l(cdcmple.o)
    0x08001e70   0x00000038   Code   RO         6081    .text               mf_w.l(d2f.o)
    0x08001ea8   0x0000002c   Code   RO         6129    .text               mc_w.l(uidiv.o)
    0x08001ed4   0x00000062   Code   RO         6131    .text               mc_w.l(uldiv.o)
    0x08001f36   0x0000001e   Code   RO         6133    .text               mc_w.l(llshl.o)
    0x08001f54   0x00000024   Code   RO         6135    .text               mc_w.l(llsshr.o)
    0x08001f78   0x0000001c   Code   RO         6146    .text               mc_w.l(_chval.o)
    0x08001f94   0x00000028   Code   RO         6148    .text               mc_w.l(scanf_char.o)
    0x08001fbc   0x00000040   Code   RO         6150    .text               mc_w.l(_sgetc.o)
    0x08001ffc   0x00000000   Code   RO         6152    .text               mc_w.l(iusefp.o)
    0x08001ffc   0x0000006e   Code   RO         6153    .text               mf_w.l(fepilogue.o)
    0x0800206a   0x00000018   Code   RO         6155    .text               mf_w.l(fscalb.o)
    0x08002082   0x000000ba   Code   RO         6157    .text               mf_w.l(depilogue.o)
    0x0800213c   0x00000088   Code   RO         6161    .text               mf_w.l(drnd.o)
    0x080021c4   0x00000030   Code   RO         6163    .text               mf_w.l(dfixul.o)
    0x080021f4   0x00000030   Code   RO         6165    .text               mf_w.l(cdrcmple.o)
    0x08002224   0x0000000a   Code   RO         6171    .text               mc_w.l(isspace_c.o)
    0x0800222e   0x00000002   PAD
    0x08002230   0x0000032c   Code   RO         6173    .text               mc_w.l(_scanf.o)
    0x0800255c   0x00000028   Code   RO         6175    .text               mc_w.l(ctype_c.o)
    0x08002584   0x00000056   Code   RO         6186    .text               mc_w.l(__dczerorl2.o)
    0x080025da   0x00000002   PAD
    0x080025dc   0x00000062   Code   RO          748    i.ADC_Disable       stm32f3xx_hal_adc_ex.o
    0x0800263e   0x00000002   PAD
    0x08002640   0x00000060   Code   RO          749    i.ADC_Enable        stm32f3xx_hal_adc_ex.o
    0x080026a0   0x00000130   Code   RO          614    i.CAN_Receive_IT    stm32f3xx_hal_can.o
    0x080027d0   0x00000060   Code   RO          615    i.CAN_Transmit_IT   stm32f3xx_hal_can.o
    0x08002830   0x0000000c   Code   RO         3164    i.DMA1_Channel6_IRQHandler  driverhwuart2.o
    0x0800283c   0x0000001e   Code   RO         2630    i.DMA_SetConfig     stm32f3xx_hal_dma.o
    0x0800285a   0x00000002   PAD
    0x0800285c   0x00000024   Code   RO         2103    i.FLASH_MassErase   stm32f3xx_hal_flash_ex.o
    0x08002880   0x00000024   Code   RO         2108    i.FLASH_PageErase   stm32f3xx_hal_flash_ex.o
    0x080028a4   0x0000001c   Code   RO         2311    i.FLASH_Program_HalfWord  stm32f3xx_hal_flash.o
    0x080028c0   0x00000034   Code   RO         2312    i.FLASH_SetErrorCode  stm32f3xx_hal_flash.o
    0x080028f4   0x00000050   Code   RO         2313    i.FLASH_WaitForLastOperation  stm32f3xx_hal_flash.o
    0x08002944   0x00000394   Code   RO          773    i.HAL_ADC_ConfigChannel  stm32f3xx_hal_adc_ex.o
    0x08002cd8   0x00000006   Code   RO          775    i.HAL_ADC_GetValue  stm32f3xx_hal_adc_ex.o
    0x08002cde   0x00000002   PAD
    0x08002ce0   0x00000248   Code   RO          777    i.HAL_ADC_Init      stm32f3xx_hal_adc_ex.o
    0x08002f28   0x0000003c   Code   RO         5713    i.HAL_ADC_MspInit   stm32f3xx_hal_msp.o
    0x08002f64   0x0000011c   Code   RO          778    i.HAL_ADC_PollForConversion  stm32f3xx_hal_adc_ex.o
    0x08003080   0x00000150   Code   RO          780    i.HAL_ADC_Start     stm32f3xx_hal_adc_ex.o
    0x080031d0   0x000000f0   Code   RO          616    i.HAL_CAN_ConfigFilter  stm32f3xx_hal_can.o
    0x080032c0   0x00000002   Code   RO          618    i.HAL_CAN_ErrorCallback  stm32f3xx_hal_can.o
    0x080032c2   0x00000002   PAD
    0x080032c4   0x00000158   Code   RO          621    i.HAL_CAN_IRQHandler  stm32f3xx_hal_can.o
    0x0800341c   0x0000014a   Code   RO          622    i.HAL_CAN_Init      stm32f3xx_hal_can.o
    0x08003566   0x00000002   PAD
    0x08003568   0x00000058   Code   RO         5715    i.HAL_CAN_MspInit   stm32f3xx_hal_msp.o
    0x080035c0   0x0000008a   Code   RO          626    i.HAL_CAN_Receive_IT  stm32f3xx_hal_can.o
    0x0800364a   0x00000002   PAD
    0x0800364c   0x00000094   Code   RO         4029    i.HAL_CAN_RxCpltCallback  modcan.o
    0x080036e0   0x00000188   Code   RO          629    i.HAL_CAN_Transmit  stm32f3xx_hal_can.o
    0x08003868   0x00000002   Code   RO          631    i.HAL_CAN_TxCpltCallback  stm32f3xx_hal_can.o
    0x0800386a   0x00000002   PAD
    0x0800386c   0x000004b8   Code   RO         2636    i.HAL_DMA_IRQHandler  stm32f3xx_hal_dma.o
    0x08003d24   0x00000050   Code   RO         2637    i.HAL_DMA_Init      stm32f3xx_hal_dma.o
    0x08003d74   0x00000058   Code   RO         2640    i.HAL_DMA_Start_IT  stm32f3xx_hal_dma.o
    0x08003dcc   0x00000016   Code   RO         1933    i.HAL_Delay         stm32f3xx_hal.o
    0x08003de2   0x00000002   PAD
    0x08003de4   0x000000a8   Code   RO         2109    i.HAL_FLASHEx_Erase  stm32f3xx_hal_flash_ex.o
    0x08003e8c   0x00000080   Code   RO         2322    i.HAL_FLASH_Program  stm32f3xx_hal_flash.o
    0x08003f0c   0x00000024   Code   RO         2324    i.HAL_FLASH_Unlock  stm32f3xx_hal_flash.o
    0x08003f30   0x00000188   Code   RO         2567    i.HAL_GPIO_Init     stm32f3xx_hal_gpio.o
    0x080040b8   0x0000000a   Code   RO         2569    i.HAL_GPIO_ReadPin  stm32f3xx_hal_gpio.o
    0x080040c2   0x0000000a   Code   RO         2571    i.HAL_GPIO_WritePin  stm32f3xx_hal_gpio.o
    0x080040cc   0x0000000c   Code   RO         1937    i.HAL_GetTick       stm32f3xx_hal.o
    0x080040d8   0x00000056   Code   RO         1872    i.HAL_I2CEx_ConfigAnalogFilter  stm32f3xx_hal_i2c_ex.o
    0x0800412e   0x00000002   PAD
    0x08004130   0x000000b0   Code   RO         1431    i.HAL_I2C_Init      stm32f3xx_hal_i2c.o
    0x080041e0   0x00000130   Code   RO         1437    i.HAL_I2C_Master_Receive  stm32f3xx_hal_i2c.o
    0x08004310   0x00000128   Code   RO         1442    i.HAL_I2C_Master_Transmit  stm32f3xx_hal_i2c.o
    0x08004438   0x00000070   Code   RO         5717    i.HAL_I2C_MspInit   stm32f3xx_hal_msp.o
    0x080044a8   0x00000096   Code   RO         2714    i.HAL_IWDG_Init     stm32f3xx_hal_iwdg.o
    0x0800453e   0x00000002   Code   RO         2715    i.HAL_IWDG_MspInit  stm32f3xx_hal_iwdg.o
    0x08004540   0x00000054   Code   RO         2716    i.HAL_IWDG_Refresh  stm32f3xx_hal_iwdg.o
    0x08004594   0x00000064   Code   RO         2717    i.HAL_IWDG_Start    stm32f3xx_hal_iwdg.o
    0x080045f8   0x00000010   Code   RO         1938    i.HAL_IncTick       stm32f3xx_hal.o
    0x08004608   0x00000024   Code   RO         1939    i.HAL_Init          stm32f3xx_hal.o
    0x0800462c   0x00000028   Code   RO         1940    i.HAL_InitTick      stm32f3xx_hal.o
    0x08004654   0x00000070   Code   RO         5718    i.HAL_MspInit       stm32f3xx_hal_msp.o
    0x080046c4   0x00000016   Code   RO          169    i.HAL_NVIC_EnableIRQ  stm32f3xx_hal_cortex.o
    0x080046da   0x00000002   PAD
    0x080046dc   0x00000040   Code   RO          175    i.HAL_NVIC_SetPriority  stm32f3xx_hal_cortex.o
    0x0800471c   0x00000024   Code   RO          176    i.HAL_NVIC_SetPriorityGrouping  stm32f3xx_hal_cortex.o
    0x08004740   0x00000218   Code   RO         2063    i.HAL_RCCEx_PeriphCLKConfig  stm32f3xx_hal_rcc_ex.o
    0x08004958   0x00000188   Code   RO         2189    i.HAL_RCC_ClockConfig  stm32f3xx_hal_rcc.o
    0x08004ae0   0x00000048   Code   RO         2190    i.HAL_RCC_DeInit    stm32f3xx_hal_rcc.o
    0x08004b28   0x0000000c   Code   RO         2194    i.HAL_RCC_GetHCLKFreq  stm32f3xx_hal_rcc.o
    0x08004b34   0x00000030   Code   RO         2196    i.HAL_RCC_GetPCLK1Freq  stm32f3xx_hal_rcc.o
    0x08004b64   0x00000030   Code   RO         2197    i.HAL_RCC_GetPCLK2Freq  stm32f3xx_hal_rcc.o
    0x08004b94   0x00000064   Code   RO         2198    i.HAL_RCC_GetSysClockFreq  stm32f3xx_hal_rcc.o
    0x08004bf8   0x000005ac   Code   RO         2201    i.HAL_RCC_OscConfig  stm32f3xx_hal_rcc.o
    0x080051a4   0x000000c0   Code   RO         1124    i.HAL_SPI_Init      stm32f3xx_hal_spi.o
    0x08005264   0x0000009c   Code   RO         5720    i.HAL_SPI_MspInit   stm32f3xx_hal_msp.o
    0x08005300   0x000002b2   Code   RO         1133    i.HAL_SPI_TransmitReceive  stm32f3xx_hal_spi.o
    0x080055b2   0x00000018   Code   RO          178    i.HAL_SYSTICK_CLKSourceConfig  stm32f3xx_hal_cortex.o
    0x080055ca   0x00000002   Code   RO          179    i.HAL_SYSTICK_Callback  stm32f3xx_hal_cortex.o
    0x080055cc   0x00000028   Code   RO          180    i.HAL_SYSTICK_Config  stm32f3xx_hal_cortex.o
    0x080055f4   0x00000008   Code   RO          181    i.HAL_SYSTICK_IRQHandler  stm32f3xx_hal_cortex.o
    0x080055fc   0x00000002   Code   RO          302    i.HAL_UART_ErrorCallback  stm32f3xx_hal_uart.o
    0x080055fe   0x0000006a   Code   RO          306    i.HAL_UART_Init     stm32f3xx_hal_uart.o
    0x08005668   0x00000048   Code   RO         5722    i.HAL_UART_MspInit  stm32f3xx_hal_msp.o
    0x080056b0   0x00000080   Code   RO          310    i.HAL_UART_Receive_DMA  stm32f3xx_hal_uart.o
    0x08005730   0x00000002   Code   RO          312    i.HAL_UART_RxCpltCallback  stm32f3xx_hal_uart.o
    0x08005732   0x00000002   Code   RO          313    i.HAL_UART_RxHalfCpltCallback  stm32f3xx_hal_uart.o
    0x08005734   0x000000a4   Code   RO          314    i.HAL_UART_Transmit  stm32f3xx_hal_uart.o
    0x080057d8   0x00000022   Code   RO         1473    i.I2C_Flush_TXDR    stm32f3xx_hal_i2c.o
    0x080057fa   0x00000002   PAD
    0x080057fc   0x0000007c   Code   RO         1481    i.I2C_IsAcknowledgeFailed  stm32f3xx_hal_i2c.o
    0x08005878   0x00000024   Code   RO         1488    i.I2C_TransferConfig  stm32f3xx_hal_i2c.o
    0x0800589c   0x00000052   Code   RO         1489    i.I2C_WaitOnFlagUntilTimeout  stm32f3xx_hal_i2c.o
    0x080058ee   0x00000002   PAD
    0x080058f0   0x00000080   Code   RO         1490    i.I2C_WaitOnRXNEFlagUntilTimeout  stm32f3xx_hal_i2c.o
    0x08005970   0x0000004e   Code   RO         1491    i.I2C_WaitOnSTOPFlagUntilTimeout  stm32f3xx_hal_i2c.o
    0x080059be   0x00000052   Code   RO         1492    i.I2C_WaitOnTXISFlagUntilTimeout  stm32f3xx_hal_i2c.o
    0x08005a10   0x00000020   Code   RO          182    i.NVIC_SetPriority  stm32f3xx_hal_cortex.o
    0x08005a30   0x00000002   Code   RO         5796    i.PendSV_Handler    stm32f3xx_it.o
    0x08005a32   0x00000030   Code   RO         1159    i.SPI_EndRxTxTransaction  stm32f3xx_hal_spi.o
    0x08005a62   0x000000a2   Code   RO         1166    i.SPI_WaitFifoStateUntilTimeout  stm32f3xx_hal_spi.o
    0x08005b04   0x0000008e   Code   RO         1167    i.SPI_WaitFlagStateUntilTimeout  stm32f3xx_hal_spi.o
    0x08005b92   0x00000002   Code   RO         5797    i.SVC_Handler       stm32f3xx_it.o
    0x08005b94   0x0000000e   Code   RO         5798    i.SysTick_Handler   stm32f3xx_it.o
    0x08005ba2   0x0000008e   Code   RO         5874    i.SystemClock_Config  main.o
    0x08005c30   0x00000070   Code   RO         5835    i.SystemCoreClockUpdate  system_stm32f3xx.o
    0x08005ca0   0x00000068   Code   RO         5836    i.SystemInit        system_stm32f3xx.o
    0x08005d08   0x000000c8   Code   RO          319    i.UART_AdvFeatureConfig  stm32f3xx_hal_uart.o
    0x08005dd0   0x00000052   Code   RO          320    i.UART_CheckIdleState  stm32f3xx_hal_uart.o
    0x08005e22   0x00000026   Code   RO          321    i.UART_DMAError     stm32f3xx_hal_uart.o
    0x08005e48   0x0000002a   Code   RO          322    i.UART_DMAReceiveCplt  stm32f3xx_hal_uart.o
    0x08005e72   0x0000000a   Code   RO          323    i.UART_DMARxHalfCplt  stm32f3xx_hal_uart.o
    0x08005e7c   0x000001d4   Code   RO          328    i.UART_SetConfig    stm32f3xx_hal_uart.o
    0x08006050   0x00000096   Code   RO          330    i.UART_WaitOnFlagUntilTimeout  stm32f3xx_hal_uart.o
    0x080060e6   0x00000002   PAD
    0x080060e8   0x0000000c   Code   RO         4030    i.USB_LP_CAN_RX0_IRQHandler  modcan.o
    0x080060f4   0x00000024   Code   RO         6011    i.__0vsnprintf      mc_w.l(printfa.o)
    0x08006118   0x00000054   Code   RO         5946    i.__hardfp_frexpf   m_wm.l(frexpf.o)
    0x0800616c   0x0000008e   Code   RO         5952    i.__hardfp_ldexpf   m_wm.l(ldexpf.o)
    0x080061fa   0x00000006   PAD
    0x08006200   0x000003c4   Code   RO         5964    i.__hardfp_log      m_wm.l(log.o)
    0x080065c4   0x00000004   PAD
    0x080065c8   0x000000e0   Code   RO         5978    i.__hardfp_round    m_wm.l(round.o)
    0x080066a8   0x000000f8   Code   RO         6111    i.__kernel_poly     m_wm.l(poly.o)
    0x080067a0   0x00000030   Code   RO         6083    i.__mathlib_dbl_divzero  m_wm.l(dunder.o)
    0x080067d0   0x00000014   Code   RO         6084    i.__mathlib_dbl_infnan  m_wm.l(dunder.o)
    0x080067e4   0x00000004   PAD
    0x080067e8   0x00000020   Code   RO         6086    i.__mathlib_dbl_invalid  m_wm.l(dunder.o)
    0x08006808   0x00000010   Code   RO         6101    i.__mathlib_flt_overflow  m_wm.l(funder.o)
    0x08006818   0x00000010   Code   RO         6103    i.__mathlib_flt_underflow  m_wm.l(funder.o)
    0x08006828   0x0000000c   Code   RO         6141    i.__set_errno       mc_w.l(errno.o)
    0x08006834   0x00000164   Code   RO         6013    i._fp_digits        mc_w.l(printfa.o)
    0x08006998   0x000006dc   Code   RO         6014    i._printf_core      mc_w.l(printfa.o)
    0x08007074   0x00000024   Code   RO         6015    i._printf_post_padding  mc_w.l(printfa.o)
    0x08007098   0x0000002e   Code   RO         6016    i._printf_pre_padding  mc_w.l(printfa.o)
    0x080070c6   0x00000016   Code   RO         6017    i._snputc           mc_w.l(printfa.o)
    0x080070dc   0x00000046   Code   RO         3420    i.driverEMC2305GetFANRPM  driverswemc2305.o
    0x08007122   0x00000002   PAD
    0x08007124   0x00000068   Code   RO         3421    i.driverEMC2305GetFANStatus  driverswemc2305.o
    0x0800718c   0x00000058   Code   RO         2761    i.driverHWADCGetLoadVoltage  driverhwadc.o
    0x080071e4   0x000000e4   Code   RO         2762    i.driverHWADCGetNTCValue  driverhwadc.o
    0x080072c8   0x0000009c   Code   RO         2763    i.driverHWADCInit   driverhwadc.o
    0x08007364   0x00000026   Code   RO         2764    i.driverHWADCSetInputChannel  driverhwadc.o
    0x0800738a   0x0000001e   Code   RO         2821    i.driverHWEEPROMEraseFlash  driverhweeprom.o
    0x080073a8   0x0000003c   Code   RO         2822    i.driverHWEEPROMFindValidPage  driverhweeprom.o
    0x080073e4   0x00000058   Code   RO         2823    i.driverHWEEPROMFormat  driverhweeprom.o
    0x0800743c   0x00000188   Code   RO         2824    i.driverHWEEPROMInit  driverhweeprom.o
    0x080075c4   0x000000bc   Code   RO         2825    i.driverHWEEPROMPageTransfer  driverhweeprom.o
    0x08007680   0x00000048   Code   RO         2826    i.driverHWEEPROMReadVariable  driverhweeprom.o
    0x080076c8   0x00000054   Code   RO         2827    i.driverHWEEPROMVerifyPageFullWriteVariable  driverhweeprom.o
    0x0800771c   0x00000024   Code   RO         2828    i.driverHWEEPROMVerifyPageFullyErased  driverhweeprom.o
    0x08007740   0x0000001c   Code   RO         2829    i.driverHWEEPROMWriteVariable  driverhweeprom.o
    0x0800775c   0x0000009c   Code   RO         2898    i.driverHWI2C1Init  driverhwi2c1.o
    0x080077f8   0x00000028   Code   RO         2899    i.driverHWI2C1Read  driverhwi2c1.o
    0x08007820   0x00000020   Code   RO         2900    i.driverHWI2C1Write  driverhwi2c1.o
    0x08007840   0x0000009c   Code   RO         2941    i.driverHWI2C2Init  driverhwi2c2.o
    0x080078dc   0x00000024   Code   RO         2942    i.driverHWI2C2Read  driverhwi2c2.o
    0x08007900   0x0000001c   Code   RO         2943    i.driverHWI2C2Write  driverhwi2c2.o
    0x0800791c   0x00000078   Code   RO         2984    i.driverHWPowerStateInit  driverhwpowerstate.o
    0x08007994   0x00000024   Code   RO         2985    i.driverHWPowerStateReadInput  driverhwpowerstate.o
    0x080079b8   0x0000001c   Code   RO         2986    i.driverHWPowerStateSetOutput  driverhwpowerstate.o
    0x080079d4   0x0000005c   Code   RO         3026    i.driverHWSPI1Init  driverhwspi1.o
    0x08007a30   0x0000005c   Code   RO         3027    i.driverHWSPI1Write  driverhwspi1.o
    0x08007a8c   0x0000008c   Code   RO         3028    i.driverHWSPI1WriteRead  driverhwspi1.o
    0x08007b18   0x0000001c   Code   RO         3071    i.driverHWSetOutput  driverhwstatus.o
    0x08007b34   0x00000054   Code   RO         3072    i.driverHWStatusInit  driverhwstatus.o
    0x08007b88   0x0000002c   Code   RO         3110    i.driverHWSwitchesDisableAll  driverhwswitches.o
    0x08007bb4   0x00000048   Code   RO         3113    i.driverHWSwitchesInit  driverhwswitches.o
    0x08007bfc   0x0000001c   Code   RO         3114    i.driverHWSwitchesSetSwitchState  driverhwswitches.o
    0x08007c18   0x00000034   Code   RO         3165    i.driverHWUART2GetChar  driverhwuart2.o
    0x08007c4c   0x000000a8   Code   RO         3166    i.driverHWUART2Init  driverhwuart2.o
    0x08007cf4   0x00000014   Code   RO         3167    i.driverHWUART2SendChar  driverhwuart2.o
    0x08007d08   0x00000036   Code   RO         3214    i.driverSWADC128D818GetChannel  driverswadc128d818.o
    0x08007d3e   0x00000002   PAD
    0x08007d40   0x000000c8   Code   RO         3215    i.driverSWADC128D818GetTemperature  driverswadc128d818.o
    0x08007e08   0x000000dc   Code   RO         3216    i.driverSWADC128D818Init  driverswadc128d818.o
    0x08007ee4   0x00000030   Code   RO         3309    i.driverSWDCDCCheckVoltage  driverswdcdc.o
    0x08007f14   0x0000003c   Code   RO         3310    i.driverSWDCDCEnableTask  driverswdcdc.o
    0x08007f50   0x00000028   Code   RO         3311    i.driverSWDCDCGetAuxCurrent  driverswdcdc.o
    0x08007f78   0x00000028   Code   RO         3312    i.driverSWDCDCGetAuxVoltage  driverswdcdc.o
    0x08007fa0   0x0000000c   Code   RO         3313    i.driverSWDCDCGetEnabledState  driverswdcdc.o
    0x08007fac   0x00000070   Code   RO         3315    i.driverSWDCDCInit  driverswdcdc.o
    0x0800801c   0x0000000c   Code   RO         3316    i.driverSWDCDCSetEnabledState  driverswdcdc.o
    0x08008028   0x0000002c   Code   RO         3422    i.driverSWEMC2305Init  driverswemc2305.o
    0x08008054   0x0000001c   Code   RO         3423    i.driverSWEMC2305SetFANDutyAll  driverswemc2305.o
    0x08008070   0x00000040   Code   RO         3424    i.driverSWEMC2305SetFANDutySingle  driverswemc2305.o
    0x080080b0   0x00000088   Code   RO         3471    i.driverSWISL28022GetBusCurrent  driverswisl28022.o
    0x08008138   0x0000007c   Code   RO         3472    i.driverSWISL28022GetBusVoltage  driverswisl28022.o
    0x080081b4   0x0000003c   Code   RO         3473    i.driverSWISL28022Init  driverswisl28022.o
    0x080081f0   0x00000032   Code   RO         3508    i.driverSWLTC6803CalcPEC  driverswltc6803.o
    0x08008222   0x00000002   PAD
    0x08008224   0x000000b8   Code   RO         3509    i.driverSWLTC6803ConvertTemperatureExt  driverswltc6803.o
    0x080082dc   0x00000024   Code   RO         3510    i.driverSWLTC6803ConvertTemperatureInt  driverswltc6803.o
    0x08008300   0x00000018   Code   RO         3511    i.driverSWLTC6803EnableBalanceResistors  driverswltc6803.o
    0x08008318   0x00000038   Code   RO         3512    i.driverSWLTC6803Init  driverswltc6803.o
    0x08008350   0x00000014   Code   RO         3513    i.driverSWLTC6803ReInit  driverswltc6803.o
    0x08008364   0x00000100   Code   RO         3514    i.driverSWLTC6803ReadCellVoltages  driverswltc6803.o
    0x08008464   0x000000b0   Code   RO         3515    i.driverSWLTC6803ReadConfig  driverswltc6803.o
    0x08008514   0x000000a4   Code   RO         3516    i.driverSWLTC6803ReadConfigRegisters  driverswltc6803.o
    0x080085b8   0x000000a0   Code   RO         3517    i.driverSWLTC6803ReadFlagRegisters  driverswltc6803.o
    0x08008658   0x0000008e   Code   RO         3519    i.driverSWLTC6803ReadTempVoltages  driverswltc6803.o
    0x080086e6   0x00000002   PAD
    0x080086e8   0x00000088   Code   RO         3520    i.driverSWLTC6803ReadVoltageFlags  driverswltc6803.o
    0x08008770   0x00000006   Code   RO         3521    i.driverSWLTC6803ResetCellVoltageRegisters  driverswltc6803.o
    0x08008776   0x00000022   Code   RO         3522    i.driverSWLTC6803SendCommand  driverswltc6803.o
    0x08008798   0x0000000c   Code   RO         3523    i.driverSWLTC6803StartCellVoltageConversion  driverswltc6803.o
    0x080087a4   0x00000006   Code   RO         3524    i.driverSWLTC6803StartTemperatureVoltageConversion  driverswltc6803.o
    0x080087aa   0x0000000a   Code   RO         3525    i.driverSWLTC6803Write  driverswltc6803.o
    0x080087b4   0x000000b4   Code   RO         3526    i.driverSWLTC6803WriteConfig  driverswltc6803.o
    0x08008868   0x00000072   Code   RO         3527    i.driverSWLTC6803WriteConfigRegisters  driverswltc6803.o
    0x080088da   0x00000012   Code   RO         3528    i.driverSWLTC6803WriteRead  driverswltc6803.o
    0x080088ec   0x0000007c   Code   RO         3655    i.driverSWPCAL6416Init  driverswpcal6416.o
    0x08008968   0x00000040   Code   RO         3656    i.driverSWPCAL6416SetOutput  driverswpcal6416.o
    0x080089a8   0x0000003c   Code   RO         3694    i.driverSWSHT21CalculateCRC  driverswsht21.o
    0x080089e4   0x0000003c   Code   RO         3695    i.driverSWSHT21CalculateHumidity  driverswsht21.o
    0x08008a20   0x0000003c   Code   RO         3696    i.driverSWSHT21CalculateTemperature  driverswsht21.o
    0x08008a5c   0x0000000c   Code   RO         3697    i.driverSWSHT21GetHumidity  driverswsht21.o
    0x08008a68   0x0000000c   Code   RO         3698    i.driverSWSHT21GetTemperature  driverswsht21.o
    0x08008a74   0x00000024   Code   RO         3699    i.driverSWSHT21Init  driverswsht21.o
    0x08008a98   0x00000064   Code   RO         3700    i.driverSWSHT21PollMeasureReady  driverswsht21.o
    0x08008afc   0x00000040   Code   RO         3701    i.driverSWSHT21StartMeasurement  driverswsht21.o
    0x08008b3c   0x00000010   Code   RO         3767    i.driverSWSSD1306ClearDisplay  driverswssd1306.o
    0x08008b4c   0x00000010   Code   RO         3768    i.driverSWSSD1306ClearDisplayBuffers  driverswssd1306.o
    0x08008b5c   0x00000020   Code   RO         3769    i.driverSWSSD1306Command  driverswssd1306.o
    0x08008b7c   0x00000094   Code   RO         3771    i.driverSWSSD1306DisplayAsync  driverswssd1306.o
    0x08008c10   0x000000d0   Code   RO         3774    i.driverSWSSD1306DrawPixel  driverswssd1306.o
    0x08008ce0   0x00000010   Code   RO         3775    i.driverSWSSD1306FillBuffer  driverswssd1306.o
    0x08008cf0   0x000000d0   Code   RO         3776    i.driverSWSSD1306Init  driverswssd1306.o
    0x08008dc0   0x00000010   Code   RO         3915    i.driverSWStorageManagerEraseData  driverswstoragemanager.o
    0x08008dd0   0x00000020   Code   RO         3916    i.driverSWStorageManagerGetOffsetFromLocation  driverswstoragemanager.o
    0x08008df0   0x00000054   Code   RO         3917    i.driverSWStorageManagerGetStruct  driverswstoragemanager.o
    0x08008e44   0x00000020   Code   RO         3918    i.driverSWStorageManagerGetStructSize  driverswstoragemanager.o
    0x08008e64   0x00000050   Code   RO         3919    i.driverSWStorageManagerInit  driverswstoragemanager.o
    0x08008eb4   0x00000054   Code   RO         3920    i.driverSWStorageManagerStoreStruct  driverswstoragemanager.o
    0x08008f08   0x00000024   Code   RO         3974    i.driverSWUART2Init  driverswuart2.o
    0x08008f2c   0x0000002c   Code   RO         3976    i.driverSWUART2Task  driverswuart2.o
    0x08008f58   0x00000050   Code   RO         6033    i.free              mc_w.l(malloc.o)
    0x08008fa8   0x00000014   Code   RO         5152    i.libBufferAppend_float16  libbuffer.o
    0x08008fbc   0x00000012   Code   RO         5153    i.libBufferAppend_float32  libbuffer.o
    0x08008fce   0x00000002   PAD
    0x08008fd0   0x0000006c   Code   RO         5154    i.libBufferAppend_float32_auto  libbuffer.o
    0x0800903c   0x00000016   Code   RO         5155    i.libBufferAppend_int16  libbuffer.o
    0x08009052   0x0000002a   Code   RO         5156    i.libBufferAppend_int32  libbuffer.o
    0x0800907c   0x00000016   Code   RO         5158    i.libBufferAppend_uint16  libbuffer.o
    0x08009092   0x0000002a   Code   RO         5159    i.libBufferAppend_uint32  libbuffer.o
    0x080090bc   0x0000000c   Code   RO         5160    i.libBufferAppend_uint8  libbuffer.o
    0x080090c8   0x00000070   Code   RO         5163    i.libBufferGet_float32_auto  libbuffer.o
    0x08009138   0x00000010   Code   RO         5164    i.libBufferGet_int16  libbuffer.o
    0x08009148   0x0000000e   Code   RO         5167    i.libBufferGet_uint16  libbuffer.o
    0x08009156   0x00000018   Code   RO         5168    i.libBufferGet_uint32  libbuffer.o
    0x0800916e   0x0000000a   Code   RO         5169    i.libBufferGet_uint8  libbuffer.o
    0x08009178   0x0000002c   Code   RO         5263    i.libCRCCalcCRC16   libcrc.o
    0x080091a4   0x00000188   Code   RO         5320    i.libGraphicsDrawChar  libgraphics.o
    0x0800932c   0x00000012   Code   RO         5324    i.libGraphicsDrawFastVLine  libgraphics.o
    0x0800933e   0x000000a0   Code   RO         5325    i.libGraphicsDrawLine  libgraphics.o
    0x080093de   0x00000004   Code   RO         5326    i.libGraphicsDrawPixel  libgraphics.o
    0x080093e2   0x00000028   Code   RO         5333    i.libGraphicsFillRect  libgraphics.o
    0x0800940a   0x00000002   PAD
    0x0800940c   0x0000000c   Code   RO         5339    i.libGraphicsGetRotation  libgraphics.o
    0x08009418   0x0000000c   Code   RO         5341    i.libGraphicsHeight  libgraphics.o
    0x08009424   0x0000002c   Code   RO         5342    i.libGraphicsInit   libgraphics.o
    0x08009450   0x0000000c   Code   RO         5344    i.libGraphicsSetCursor  libgraphics.o
    0x0800945c   0x0000000c   Code   RO         5347    i.libGraphicsSetTextColor_0  libgraphics.o
    0x08009468   0x00000010   Code   RO         5349    i.libGraphicsSetTextSize  libgraphics.o
    0x08009478   0x0000000c   Code   RO         5351    i.libGraphicsWidth  libgraphics.o
    0x08009484   0x0000011c   Code   RO         5352    i.libGraphicsWrite  libgraphics.o
    0x080095a0   0x00000014   Code   RO         5586    i.libPacketInit     libpacket.o
    0x080095b4   0x000000bc   Code   RO         5587    i.libPacketProcessByte  libpacket.o
    0x08009670   0x0000008c   Code   RO         5588    i.libPacketSendPacket  libpacket.o
    0x080096fc   0x00000034   Code   RO         5621    i.libRingBufferAdd  libringbuffer.o
    0x08009730   0x00000014   Code   RO         5623    i.libRingBufferIncrEnd  libringbuffer.o
    0x08009744   0x00000014   Code   RO         5624    i.libRingBufferIncrStart  libringbuffer.o
    0x08009758   0x00000080   Code   RO         5625    i.libRingBufferInit  libringbuffer.o
    0x080097d8   0x0000000c   Code   RO         5626    i.libRingBufferIsEmpty  libringbuffer.o
    0x080097e4   0x00000010   Code   RO         5627    i.libRingBufferIsFull  libringbuffer.o
    0x080097f4   0x0000002e   Code   RO         5628    i.libRingBufferNew  libringbuffer.o
    0x08009822   0x0000002a   Code   RO         5629    i.libRingBufferNextEndIndex  libringbuffer.o
    0x0800984c   0x00000004   Code   RO         5630    i.libRingBufferNumElements  libringbuffer.o
    0x08009850   0x00000030   Code   RO         5631    i.libRingBufferPeek  libringbuffer.o
    0x08009880   0x00000038   Code   RO         5632    i.libRingBufferPull  libringbuffer.o
    0x080098b8   0x000000a8   Code   RO         5875    i.main              main.o
    0x08009960   0x00000034   Code   RO         5876    i.mainWatchDogInitAndStart  main.o
    0x08009994   0x0000006c   Code   RO         6034    i.malloc            mc_w.l(malloc.o)
    0x08009a00   0x0000001c   Code   RO         4031    i.modCANGetCANID    modcan.o
    0x08009a1c   0x0000001c   Code   RO         4032    i.modCANGetDestinationID  modcan.o
    0x08009a38   0x0000001c   Code   RO         4033    i.modCANGetPacketID  modcan.o
    0x08009a54   0x0000005c   Code   RO         4034    i.modCANHandleKeepAliveSafetyMessage  modcan.o
    0x08009ab0   0x000000b0   Code   RO         4035    i.modCANInit        modcan.o
    0x08009b60   0x00000040   Code   RO         4036    i.modCANRXWatchDog  modcan.o
    0x08009ba0   0x0000010c   Code   RO         4037    i.modCANSendBuffer  modcan.o
    0x08009cac   0x00000014   Code   RO         4038    i.modCANSendPacketWrapper  modcan.o
    0x08009cc0   0x000000fc   Code   RO         4039    i.modCANSendSimpleStatusFast  modcan.o
    0x08009dbc   0x0000016c   Code   RO         4040    i.modCANSendSimpleStatusSlow  modcan.o
    0x08009f28   0x00000184   Code   RO         4048    i.modCANSubTaskHandleCommunication  modcan.o
    0x0800a0ac   0x00000074   Code   RO         4049    i.modCANTask        modcan.o
    0x0800a120   0x0000002c   Code   RO         4050    i.modCANTransmitExtID  modcan.o
    0x0800a14c   0x00000010   Code   RO         4247    i.modCommandsInit   modcommands.o
    0x0800a15c   0x00000024   Code   RO         4248    i.modCommandsJumpToMainApplication  modcommands.o
    0x0800a180   0x00000038   Code   RO         4249    i.modCommandsPrintf  modcommands.o
    0x0800a1b8   0x00000b28   Code   RO         4250    i.modCommandsProcessPacket  modcommands.o
    0x0800ace0   0x00000010   Code   RO         4251    i.modCommandsSendPacket  modcommands.o
    0x0800acf0   0x0000000c   Code   RO         4252    i.modCommandsSetSendFunction  modcommands.o
    0x0800acfc   0x00000014   Code   RO         4315    i.modConfigInit     modconfig.o
    0x0800ad10   0x0000000c   Code   RO         4316    i.modConfigLoadConfig  modconfig.o
    0x0800ad1c   0x000001a4   Code   RO         4317    i.modConfigLoadDefaultConfig  modconfig.o
    0x0800aec0   0x0000001c   Code   RO         4318    i.modConfigStoreAndLoadDefaultConfig  modconfig.o
    0x0800aedc   0x0000000c   Code   RO         4319    i.modConfigStoreConfig  modconfig.o
    0x0800aee8   0x00000020   Code   RO         4320    i.modConfigStoreDefaultConfig  modconfig.o
    0x0800af08   0x00000028   Code   RO         4371    i.modDelayInit      moddelay.o
    0x0800af30   0x00000034   Code   RO         4372    i.modDelayTick100ms  moddelay.o
    0x0800af64   0x00000020   Code   RO         4374    i.modDelayTick1ms   moddelay.o
    0x0800af84   0x0000001a   Code   RO         4375    i.modDelayTick1msNoRST  moddelay.o
    0x0800af9e   0x00000002   PAD
    0x0800afa0   0x00000044   Code   RO         4424    i.modDisplayInit    moddisplay.o
    0x0800afe4   0x00000288   Code   RO         4425    i.modDisplayShowInfo  moddisplay.o
    0x0800b26c   0x00000038   Code   RO         4426    i.modDisplayTask    moddisplay.o
    0x0800b2a4   0x00000028   Code   RO         4465    i.modEffectChangeState  modeffect.o
    0x0800b2cc   0x00000012   Code   RO         4466    i.modEffectInit     modeffect.o
    0x0800b2de   0x00000002   PAD
    0x0800b2e0   0x00000070   Code   RO         4467    i.modEffectTask     modeffect.o
    0x0800b350   0x0000004c   Code   RO         4468    i.modEffectTaskBlinkLong  modeffect.o
    0x0800b39c   0x0000004c   Code   RO         4469    i.modEffectTaskBlinkShort  modeffect.o
    0x0800b3e8   0x00000038   Code   RO         4470    i.modEffectTaskBlinkShortLong  modeffect.o
    0x0800b420   0x00000024   Code   RO         4471    i.modEffectTaskFlash  modeffect.o
    0x0800b444   0x00000024   Code   RO         4472    i.modEffectTaskFlashFast  modeffect.o
    0x0800b468   0x00000048   Code   RO         4539    i.modFlashEraseNewAppData  modflash.o
    0x0800b4b0   0x00000084   Code   RO         4540    i.modFlashJumpToBootloader  modflash.o
    0x0800b534   0x0000004c   Code   RO         4542    i.modFlashWriteByte  modflash.o
    0x0800b580   0x00000038   Code   RO         4543    i.modFlashWriteNewAppData  modflash.o
    0x0800b5b8   0x00000070   Code   RO         4603    i.modHiAmpInit      modhiamp.o
    0x0800b628   0x00000020   Code   RO         4604    i.modHiAmpShieldMainShuntMonitorInit  modhiamp.o
    0x0800b648   0x00000058   Code   RO         4605    i.modHiAmpShieldPresentCheck  modhiamp.o
    0x0800b6a0   0x0000006c   Code   RO         4606    i.modHiAmpShieldRelayControllerPassSampledInput  modhiamp.o
    0x0800b70c   0x0000002c   Code   RO         4607    i.modHiAmpShieldRelayControllerSetRelayOutputState  modhiamp.o
    0x0800b738   0x000000f8   Code   RO         4608    i.modHiAmpShieldRelayControllerTask  modhiamp.o
    0x0800b830   0x00000094   Code   RO         4609    i.modHiAmpShieldResetSensors  modhiamp.o
    0x0800b8c4   0x0000002c   Code   RO         4610    i.modHiAmpShieldResetVariables  modhiamp.o
    0x0800b8f0   0x00000088   Code   RO         4611    i.modHiAmpShieldScanI2CDevices  modhiamp.o
    0x0800b978   0x00000014   Code   RO         4612    i.modHiAmpShieldSetFANSpeedAll  modhiamp.o
    0x0800b98c   0x00000024   Code   RO         4613    i.modHiAmpShieldShuntMonitorGetCurrent  modhiamp.o
    0x0800b9b0   0x0000001c   Code   RO         4614    i.modHiAmpShieldShuntMonitorGetVoltage  modhiamp.o
    0x0800b9cc   0x00000128   Code   RO         4615    i.modHiAmpShieldTemperatureHumidityMeasureTask  modhiamp.o
    0x0800baf4   0x0000011c   Code   RO         4616    i.modHiAmpTask      modhiamp.o
    0x0800bc10   0x00000034   Code   RO         4707    i.modOperationalStateDelayedDisable  modoperationalstate.o
    0x0800bc44   0x00000060   Code   RO         4708    i.modOperationalStateHandleChargerDisconnect  modoperationalstate.o
    0x0800bca4   0x0000003c   Code   RO         4709    i.modOperationalStateInit  modoperationalstate.o
    0x0800bce0   0x00000014   Code   RO         4710    i.modOperationalStateSetAllStates  modoperationalstate.o
    0x0800bcf4   0x000004cc   Code   RO         4712    i.modOperationalStateTask  modoperationalstate.o
    0x0800c1c0   0x00000010   Code   RO         4713    i.modOperationalStateTerminateOperation  modoperationalstate.o
    0x0800c1d0   0x00000014   Code   RO         4714    i.modOperationalStateUpdateStates  modoperationalstate.o
    0x0800c1e4   0x0000000c   Code   RO         4780    i.modPowerElectronicsAllowForcedOn  modpowerelectronics.o
    0x0800c1f0   0x00000114   Code   RO         4781    i.modPowerElectronicsCalcTempStats  modpowerelectronics.o
    0x0800c304   0x000000cc   Code   RO         4782    i.modPowerElectronicsCalcThrottle  modpowerelectronics.o
    0x0800c3d0   0x00000088   Code   RO         4783    i.modPowerElectronicsCalculateCellStats  modpowerelectronics.o
    0x0800c458   0x0000002c   Code   RO         4785    i.modPowerElectronicsDisableAll  modpowerelectronics.o
    0x0800c484   0x00000024   Code   RO         4786    i.modPowerElectronicsHCSafetyCANAndPowerButtonCheck  modpowerelectronics.o
    0x0800c4a8   0x0000011c   Code   RO         4787    i.modPowerElectronicsInit  modpowerelectronics.o
    0x0800c5c4   0x00000020   Code   RO         4788    i.modPowerElectronicsInitISL  modpowerelectronics.o
    0x0800c5e4   0x00000036   Code   RO         4789    i.modPowerElectronicsMapVariableFloat  modpowerelectronics.o
    0x0800c61a   0x00000002   PAD
    0x0800c61c   0x00000010   Code   RO         4791    i.modPowerElectronicsResetBalanceModeActiveTimeout  modpowerelectronics.o
    0x0800c62c   0x0000002c   Code   RO         4792    i.modPowerElectronicsSetCharge  modpowerelectronics.o
    0x0800c658   0x0000004c   Code   RO         4793    i.modPowerElectronicsSetDisCharge  modpowerelectronics.o
    0x0800c6a4   0x0000002c   Code   RO         4794    i.modPowerElectronicsSetPreCharge  modpowerelectronics.o
    0x0800c6d0   0x00000050   Code   RO         4795    i.modPowerElectronicsSortCells  modpowerelectronics.o
    0x0800c720   0x000000f8   Code   RO         4796    i.modPowerElectronicsSubTaskBalaning  modpowerelectronics.o
    0x0800c818   0x000001b0   Code   RO         4797    i.modPowerElectronicsSubTaskVoltageWatch  modpowerelectronics.o
    0x0800c9c8   0x000001ec   Code   RO         4798    i.modPowerElectronicsTask  modpowerelectronics.o
    0x0800cbb4   0x00000064   Code   RO         4799    i.modPowerElectronicsUpdateSwitches  modpowerelectronics.o
    0x0800cc18   0x0000000c   Code   RO         4922    i.modPowerStateButtonPressedOnTurnon  modpowerstate.o
    0x0800cc24   0x00000014   Code   RO         4923    i.modPowerStateChargerDetected  modpowerstate.o
    0x0800cc38   0x0000001c   Code   RO         4924    i.modPowerStateForceOnRequest  modpowerstate.o
    0x0800cc54   0x0000000c   Code   RO         4925    i.modPowerStateGetButtonPressedState  modpowerstate.o
    0x0800cc60   0x00000060   Code   RO         4926    i.modPowerStateInit  modpowerstate.o
    0x0800ccc0   0x00000024   Code   RO         4927    i.modPowerStatePowerdownRequest  modpowerstate.o
    0x0800cce4   0x00000020   Code   RO         4928    i.modPowerStateSetConfigHandle  modpowerstate.o
    0x0800cd04   0x00000008   Code   RO         4929    i.modPowerStateSetState  modpowerstate.o
    0x0800cd0c   0x00000094   Code   RO         4930    i.modPowerStateTask  modpowerstate.o
    0x0800cda0   0x0000002c   Code   RO         5000    i.modStateOfChargeInit  modstateofcharge.o
    0x0800cdcc   0x0000000c   Code   RO         5001    i.modStateOfChargeLoadStateOfCharge  modstateofcharge.o
    0x0800cdd8   0x0000001c   Code   RO         5002    i.modStateOfChargePowerDownSave  modstateofcharge.o
    0x0800cdf4   0x000000f4   Code   RO         5003    i.modStateOfChargeProcess  modstateofcharge.o
    0x0800cee8   0x00000048   Code   RO         5004    i.modStateOfChargeStoreAndLoadDefaultStateOfCharge  modstateofcharge.o
    0x0800cf30   0x0000000c   Code   RO         5005    i.modStateOfChargeStoreStateOfCharge  modstateofcharge.o
    0x0800cf3c   0x0000001c   Code   RO         5006    i.modStateOfChargeVoltageEvent  modstateofcharge.o
    0x0800cf58   0x00000020   Code   RO         5098    i.modUARTInit       moduart.o
    0x0800cf78   0x0000001c   Code   RO         5099    i.modUARTProcessPacket  moduart.o
    0x0800cf94   0x00000018   Code   RO         5100    i.modUARTSendPacket  moduart.o
    0x0800cfac   0x00000006   Code   RO         5101    i.modUARTSendPacketWrapper  moduart.o
    0x0800cfb2   0x00000002   PAD
    0x0800cfb4   0x00000022   Code   RO         5102    i.modUARTTask       moduart.o
    0x0800cfd6   0x00000002   PAD
    0x0800cfd8   0x000015d4   Code   RO         5063    i.terminal_process_string  modterminal.o
    0x0800e5ac   0x00000020   Data   RO         2202    .constdata          stm32f3xx_hal_rcc.o
    0x0800e5cc   0x00000030   Data   RO         2766    .constdata          driverhwadc.o
    0x0800e5fc   0x00000030   Data   RO         2902    .constdata          driverhwi2c1.o
    0x0800e62c   0x00000048   Data   RO         2945    .constdata          driverhwi2c2.o
    0x0800e674   0x0000003c   Data   RO         2987    .constdata          driverhwpowerstate.o
    0x0800e6b0   0x00000024   Data   RO         3073    .constdata          driverhwstatus.o
    0x0800e6d4   0x00000050   Data   RO         3115    .constdata          driverhwswitches.o
    0x0800e724   0x00000190   Data   RO         4544    .constdata          modflash.o
    0x0800e8b4   0x00000200   Data   RO         5264    .constdata          libcrc.o
    0x0800eab4   0x00000500   Data   RO         5297    .constdata          libglcdfont.o
    0x0800efb4   0x00001c00   Data   RO         5571    .constdata          liblogos.o
    0x08010bb4   0x00000010   Data   RO         5837    .constdata          system_stm32f3xx.o
    0x08010bc4   0x00000008   Data   RO         5838    .constdata          system_stm32f3xx.o
    0x08010bcc   0x00000004   PAD
    0x08010bd0   0x00000038   Data   RO         5967    .constdata          m_wm.l(log.o)
    0x08010c08   0x00000008   Data   RO         6113    .constdata          m_wm.l(qnan.o)
    0x08010c10   0x00000040   Data   RO         6176    .constdata          mc_w.l(ctype_c.o)
    0x08010c50   0x000000fe   Data   RO         5066    .conststring        modterminal.o


==============================================================================

Image component sizes


      Code (inc. data)   RO Data    RW Data    ZI Data      Debug   Object Name

       510         38         48          8         84       4673   driverhwadc.o
       978         58          0          4          0       8522   driverhweeprom.o
       228         34         48          0         76       3439   driverhwi2c1.o
       220         34         72          0         76       3419   driverhwi2c2.o
       184         16         60          0          0       3453   driverhwpowerstate.o
       324         18          0          0        100       3296   driverhwspi1.o
       112         14         36          0          0       2821   driverhwstatus.o
       144         16         80          0          0       3281   driverhwswitches.o
       252         38          0          4       1196       3363   driverhwuart2.o
       474         32          0         16          0       2972   driverswadc128d818.o
       324         54          0          8          0      28330   driverswdcdc.o
       310         28          0          5          0       4578   driverswemc2305.o
       320         20          0          2          0       2823   driverswisl28022.o
      1784        116          0         16         20      16692   driverswltc6803.o
       188         10          0          3          0       1695   driverswpcal6416.o
       404         60          0         16          0       7070   driverswsht21.o
       644         44          0          4       2065       5659   driverswssd1306.o
       328         24          0         12          0       6536   driverswstoragemanager.o
        80          8          0          4          0       2420   driverswuart2.o
       462         24          0          0          0       9306   libbuffer.o
        44          6        512          0          0       1294   libcrc.o
         0          0       1280          0          0        559   libglcdfont.o
      1018         50          0         24          0      11234   libgraphics.o
         0          0       7168          0          0        535   liblogos.o
       348         24          0          0       4160       3213   libpacket.o
       444         38          0          0          0       8130   libringbuffer.o
       362         20          0          8        320       3047   main.o
      2028        130          0         52      10332      16367   modcan.o
      2992         76          0         20       1508      33191   modcommands.o
       524         90          0          0        228       4152   modconfig.o
       150         14          0         12          0      30438   moddelay.o
       772         58          0         16         16       2631   moddisplay.o
       450         42          0         52          0       5741   modeffect.o
       336         36        400         12          0       8311   modflash.o
      1624         68          0         28          0      10463   modhiamp.o
      1492         50          0         64         16      10684   modoperationalstate.o
      2610        112          0         70         20      16556   modpowerelectronics.o
       392         42          0         32          0       6963   modpowerstate.o
       440         70          0         20         16       5614   modstateofcharge.o
      5588       3628        254          4        400       3309   modterminal.o
       124         12          0          0          0       2946   moduart.o
        36          8        392          0       3072        836   startup_stm32f303xc.o
       126         22          0          4          0       3835   stm32f3xx_hal.o
      2320        104          0          0          0       7870   stm32f3xx_hal_adc_ex.o
      1848         26          0          0          0       7748   stm32f3xx_hal_can.o
       228         14          0          0          0      32233   stm32f3xx_hal_cortex.o
      1406         20          0          0          0       3907   stm32f3xx_hal_dma.o
       324         42          0          0         32       4349   stm32f3xx_hal_flash.o
       240         28          0          0          0       3405   stm32f3xx_hal_flash_ex.o
       412         28          0          0          0       3151   stm32f3xx_hal_gpio.o
      1340         34          0          0          0      10942   stm32f3xx_hal_i2c.o
        86          0          0          0          0       1155   stm32f3xx_hal_i2c_ex.o
       336          0          0          0          0       3515   stm32f3xx_hal_iwdg.o
       600         60          0          0          0       4493   stm32f3xx_hal_msp.o
         0          0          0          0          0     615852   stm32f3xx_hal_pwr_ex.o
      2124        100         32          0          0       6945   stm32f3xx_hal_rcc.o
       536         14          0          0          0       1616   stm32f3xx_hal_rcc_ex.o
      1234          0          0          0          0       5469   stm32f3xx_hal_spi.o
      1394         68          0          0          0      10391   stm32f3xx_hal_uart.o
        18          0          0          0          0       1437   stm32f3xx_it.o
       216         44         24          4          0       2203   system_stm32f3xx.o

    ----------------------------------------------------------------------
     44880       5864      10444        528      23744    1041078   Object Totals
         0          0         32          0          0          0   (incl. Generated)
        48          0          6          4          7          0   (incl. Padding)

    ----------------------------------------------------------------------

      Code (inc. data)   RO Data    RW Data    ZI Data      Debug   Library Member Name

       100         28          0          0          0        372   dunder.o
        84          4          0          0          0        116   frexpf.o
        32         12          0          0          0        232   funder.o
       142          0          0          0          0        156   ldexpf.o
       964         92         56          0          0        316   log.o
       248          0          0          0          0        152   poly.o
         0          0          8          0          0          0   qnan.o
       224         30          0          0          0        172   round.o
        56          8          0          0          0         84   __0sscanf.o
        86          0          0          0          0          0   __dczerorl2.o
        28          0          0          0          0         68   _chval.o
       812          4          0          0          0        112   _scanf.o
       332          0          0          0          0         96   _scanf_int.o
        64          0          0          0          0         84   _sgetc.o
        40          6         64          0          0         68   ctype_c.o
         0          0          0          0          0          0   entry.o
         0          0          0          0          0          0   entry10a.o
         0          0          0          0          0          0   entry11a.o
         8          4          0          0          0          0   entry2.o
         4          0          0          0          0          0   entry5.o
         0          0          0          0          0          0   entry7b.o
         0          0          0          0          0          0   entry8b.o
         8          4          0          0          0          0   entry9a.o
        12          6          0          4          0         68   errno.o
        30          0          0          0          0          0   handlers.o
        36          8          0          0          0         68   init.o
        10          0          0          0          0         68   isspace_c.o
         0          0          0          0          0          0   iusefp.o
        30          0          0          0          0         68   llshl.o
        36          0          0          0          0         68   llsshr.o
        32          0          0          0          0         68   llushr.o
       188         20          0          0          0        160   malloc.o
        26          0          0          0          0         80   memcmp.o
        36          0          0          0          0         68   memcpya.o
        36          0          0          0          0        108   memseta.o
         0          0          0          8          0          0   mvars.o
      2252         84          0          0          0        508   printfa.o
        40          8          0          0          0         84   scanf_char.o
        28          0          0          0          0         76   strcmp.o
        18          0          0          0          0         68   strcpy.o
        68          6          0          4          0         80   strtok.o
        44          0          0          0          0         80   uidiv.o
        98          0          0          0          0         92   uldiv.o
        48          0          0          0          0         68   cdcmple.o
        48          0          0          0          0         68   cdrcmple.o
        56          0          0          0          0         88   d2f.o
       334          0          0          0          0        148   dadd.o
       222          0          0          0          0        100   ddiv.o
       186          0          0          0          0        176   depilogue.o
        50          0          0          0          0         76   dfixui.o
        48          0          0          0          0         68   dfixul.o
        34          0          0          0          0         76   dflti.o
        26          0          0          0          0         76   dfltui.o
       228          0          0          0          0         96   dmul.o
       136          4          0          0          0         92   drnd.o
        38          0          0          0          0         68   f2d.o
       110          0          0          0          0        168   fepilogue.o
        24          0          0          0          0         68   fscalb.o

    ----------------------------------------------------------------------
      7860        332        128         16          0       5276   Library Totals
        20          4          0          0          0          0   (incl. Padding)

    ----------------------------------------------------------------------

      Code (inc. data)   RO Data    RW Data    ZI Data      Debug   Library Name

      1794        166         64          0          0       1516   m_wm.l
      4458        158         64         16          0       2324   mc_w.l
      1588          4          0          0          0       1436   mf_w.l

    ----------------------------------------------------------------------
      7860        332        128         16          0       5276   Library Totals

    ----------------------------------------------------------------------

==============================================================================


      Code (inc. data)   RO Data    RW Data    ZI Data      Debug   

     52740       6196      10572        544      23744    1010806   Grand Totals
     52740       6196      10572         24      23744    1010806   ELF Image Totals (compressed)
     52740       6196      10572         24          0          0   ROM Totals

==============================================================================

    Total RO  Size (Code + RO Data)                63312 (  61.83kB)
    Total RW  Size (RW Data + ZI Data)             24288 (  23.72kB)
    Total ROM Size (Code + RO Data + RW Data)      63336 (  61.85kB)

==============================================================================

